[    0.000000] Initializing cgroup subsys cpuset
[    0.000000] Initializing cgroup subsys cpu
[    0.000000] Initializing cgroup subsys cpuacct
[    0.000000] Linux version 4.4.0-210-generic (buildd@lgw01-amd64-009) (gcc version 5.4.0 20160609 (Ubuntu 5.4.0-6ubuntu1~16.04.12) ) #242-Ubuntu SMP Fri Apr 16 09:57:56 UTC 2021 (Ubuntu 4.4.0-210.242-generic 4.4.262)
[    0.000000] Command line: BOOT_IMAGE=/boot/vmlinuz-4.4.0-210-generic root=LABEL=cloudimg-rootfs ro console=tty1 console=ttyS0
[    0.000000] KERNEL supported cpus:
[    0.000000]   Intel GenuineIntel
[    0.000000]   AMD AuthenticAMD
[    0.000000]   Centaur CentaurHauls
[    0.000000] x86/fpu: Legacy x87 FPU detected.
[    0.000000] e820: BIOS-provided physical RAM map:
[    0.000000] BIOS-e820: [mem 0x0000000000000000-0x000000000009fbff] usable
[    0.000000] BIOS-e820: [mem 0x000000000009fc00-0x000000000009ffff] reserved
[    0.000000] BIOS-e820: [mem 0x00000000000f0000-0x00000000000fffff] reserved
[    0.000000] BIOS-e820: [mem 0x0000000000100000-0x000000003ffeffff] usable
[    0.000000] BIOS-e820: [mem 0x000000003fff0000-0x000000003fffffff] ACPI data
[    0.000000] BIOS-e820: [mem 0x00000000fec00000-0x00000000fec00fff] reserved
[    0.000000] BIOS-e820: [mem 0x00000000fee00000-0x00000000fee00fff] reserved
[    0.000000] BIOS-e820: [mem 0x00000000fffc0000-0x00000000ffffffff] reserved
[    0.000000] NX (Execute Disable) protection: active
[    0.000000] SMBIOS 2.5 present.
[    0.000000] Hypervisor detected: KVM
[    0.000000] Kernel/User page tables isolation: disabled
[    0.000000] e820: last_pfn = 0x3fff0 max_arch_pfn = 0x400000000
[    0.000000] MTRR: Disabled
[    0.000000] x86/PAT: MTRRs disabled, skipping PAT initialization too.
[    0.000000] CPU MTRRs all blank - virtualized system.
[    0.000000] x86/PAT: Configuration [0-7]: WB  WT  UC- UC  WB  WT  UC- UC  
[    0.000000] found SMP MP-table at [mem 0x0009fff0-0x0009ffff] mapped at [ffff88000009fff0]
[    0.000000] Scanning 1 areas for low memory corruption
[    0.000000] RAMDISK: [mem 0x362dc000-0x37165fff]
[    0.000000] ACPI: Early table checksum verification disabled
[    0.000000] ACPI: RSDP 0x00000000000E0000 000024 (v02 VBOX  )
[    0.000000] ACPI: XSDT 0x000000003FFF0030 00003C (v01 VBOX   VBOXXSDT 00000001 ASL  00000061)
[    0.000000] ACPI: FACP 0x000000003FFF00F0 0000F4 (v04 VBOX   VBOXFACP 00000001 ASL  00000061)
[    0.000000] ACPI: DSDT 0x000000003FFF0610 002353 (v02 VBOX   VBOXBIOS 00000002 INTL 20100528)
[    0.000000] ACPI: FACS 0x000000003FFF0200 000040
[    0.000000] ACPI: FACS 0x000000003FFF0200 000040
[    0.000000] ACPI: APIC 0x000000003FFF0240 000054 (v02 VBOX   VBOXAPIC 00000001 ASL  00000061)
[    0.000000] ACPI: SSDT 0x000000003FFF02A0 00036C (v01 VBOX   VBOXCPUT 00000002 INTL 20100528)
[    0.000000] No NUMA configuration found
[    0.000000] Faking a node at [mem 0x0000000000000000-0x000000003ffeffff]
[    0.000000] NODE_DATA(0) allocated [mem 0x3ffeb000-0x3ffeffff]
[    0.000000] kvm-clock: Using msrs 4b564d01 and 4b564d00
[    0.000000] kvm-clock: cpu 0, msr 0:3ffe3001, primary cpu clock
[    0.000000] kvm-clock: using sched offset of 5020007082 cycles
[    0.000000] clocksource: kvm-clock: mask: 0xffffffffffffffff max_cycles: 0x1cd42e4dffb, max_idle_ns: 881590591483 ns
[    0.000000] Zone ranges:
[    0.000000]   DMA      [mem 0x0000000000001000-0x0000000000ffffff]
[    0.000000]   DMA32    [mem 0x0000000001000000-0x000000003ffeffff]
[    0.000000]   Normal   empty
[    0.000000]   Device   empty
[    0.000000] Movable zone start for each node
[    0.000000] Early memory node ranges
[    0.000000]   node   0: [mem 0x0000000000001000-0x000000000009efff]
[    0.000000]   node   0: [mem 0x0000000000100000-0x000000003ffeffff]
[    0.000000] Initmem setup node 0 [mem 0x0000000000001000-0x000000003ffeffff]
[    0.000000] ACPI: PM-Timer IO Port: 0x4008
[    0.000000] IOAPIC[0]: apic_id 1, version 32, address 0xfec00000, GSI 0-23
[    0.000000] ACPI: INT_SRC_OVR (bus 0 bus_irq 0 global_irq 2 dfl dfl)
[    0.000000] ACPI: INT_SRC_OVR (bus 0 bus_irq 9 global_irq 9 low level)
[    0.000000] Using ACPI (MADT) for SMP configuration information
[    0.000000] smpboot: Allowing 1 CPUs, 0 hotplug CPUs
[    0.000000] PM: Registered nosave memory: [mem 0x00000000-0x00000fff]
[    0.000000] PM: Registered nosave memory: [mem 0x0009f000-0x0009ffff]
[    0.000000] PM: Registered nosave memory: [mem 0x000a0000-0x000effff]
[    0.000000] PM: Registered nosave memory: [mem 0x000f0000-0x000fffff]
[    0.000000] e820: [mem 0x40000000-0xfebfffff] available for PCI devices
[    0.000000] Booting paravirtualized kernel on KVM
[    0.000000] clocksource: refined-jiffies: mask: 0xffffffff max_cycles: 0xffffffff, max_idle_ns: 7645519600211568 ns
[    0.000000] setup_percpu: NR_CPUS:512 nr_cpumask_bits:512 nr_cpu_ids:1 nr_node_ids:1
[    0.000000] PERCPU: Embedded 33 pages/cpu @ffff88003fc00000 s95192 r8192 d31784 u2097152
[    0.000000] Built 1 zonelists in Node order, mobility grouping on.  Total pages: 257912
[    0.000000] Policy zone: DMA32
[    0.000000] Kernel command line: BOOT_IMAGE=/boot/vmlinuz-4.4.0-210-generic root=LABEL=cloudimg-rootfs ro console=tty1 console=ttyS0
[    0.000000] PID hash table entries: 4096 (order: 3, 32768 bytes)
[    0.000000] Memory: 997924K/1048120K available (8644K kernel code, 1332K rwdata, 4044K rodata, 1492K init, 1164K bss, 50196K reserved, 0K cma-reserved)
[    0.000000] SLUB: HWalign=64, Order=0-3, MinObjects=0, CPUs=1, Nodes=1
[    0.000000] Hierarchical RCU implementation.
[    0.000000] 	Build-time adjustment of leaf fanout to 64.
[    0.000000] 	RCU restricting CPUs from NR_CPUS=512 to nr_cpu_ids=1.
[    0.000000] RCU: Adjusting geometry for rcu_fanout_leaf=64, nr_cpu_ids=1
[    0.000000] NR_IRQS:33024 nr_irqs:256 16
[    0.000000] Console: colour VGA+ 80x25
[    0.000000] console [tty1] enabled
[    0.000000] console [ttyS0] enabled
[    0.000000] tsc: Detected 2688.000 MHz processor
[    1.974529] Calibrating delay loop (skipped) preset value.. 5376.00 BogoMIPS (lpj=10752000)
[    2.003893] pid_max: default: 32768 minimum: 301
[    2.017136] ACPI: Core revision 20150930
[    2.038927] ACPI: 2 ACPI AML tables successfully acquired and loaded
[    2.069736] Security Framework initialized
[    2.088637] Yama: becoming mindful.
[    2.104379] AppArmor: AppArmor initialized
[    2.122264] Dentry cache hash table entries: 131072 (order: 8, 1048576 bytes)
[    2.164123] Inode-cache hash table entries: 65536 (order: 7, 524288 bytes)
[    2.200326] Mount-cache hash table entries: 2048 (order: 2, 16384 bytes)
[    2.230415] Mountpoint-cache hash table entries: 2048 (order: 2, 16384 bytes)
[    2.264180] Initializing cgroup subsys io
[    2.282481] Initializing cgroup subsys memory
[    2.299708] Initializing cgroup subsys devices
[    2.318964] Initializing cgroup subsys freezer
[    2.338601] Initializing cgroup subsys net_cls
[    2.356395] Initializing cgroup subsys perf_event
[    2.376076] Initializing cgroup subsys net_prio
[    2.395339] Initializing cgroup subsys hugetlb
[    2.413033] Initializing cgroup subsys pids
[    2.440832] mce: CPU supports 0 MCE banks
[    2.459693] Last level iTLB entries: 4KB 0, 2MB 0, 4MB 0
[    2.482482] Last level dTLB entries: 4KB 0, 2MB 0, 4MB 0, 1GB 0
[    2.507125] Spectre V1 : Mitigation: usercopy/swapgs barriers and __user pointer sanitization
[    2.543043] Spectre V2 : Mitigation: Enhanced IBRS
[    2.563483] Spectre V2 : Spectre v2 / SpectreRSB mitigation: Filling RSB on context switch
[    2.596804] Speculative Store Bypass: Vulnerable
[    3.614572] Freeing SMP alternatives memory: 36K
[    4.105154] ftrace: allocating 32380 entries in 127 pages
[    7.118660] smpboot: APIC(0) Converting physical 0 to logical package 0
[    7.147377] smpboot: Max logical packages: 1
[    7.216441] ..TIMER: vector=0x30 apic1=0 pin1=2 apic2=-1 pin2=-1
[    7.349445] APIC calibration not consistent with PM-Timer: 98ms instead of 100ms
[    7.376664] APIC delta adjusted to PM-Timer: 6208014 (6114345)
[    7.400450] smpboot: CPU0: 12th Gen Intel(R) Core(TM) i7-12700H (family: 0x6, model: 0x9a, stepping: 0x3)
[    7.437736] Performance Events: unsupported p6 CPU model 154 no PMU driver, software events only.
[    7.932843] KVM setup paravirtual spinlock
[    7.950814] x86: Booted up 1 node, 1 CPUs
[    7.964363] smpboot: Total of 1 processors activated (5376.00 BogoMIPS)
[    7.993603] devtmpfs: initialized
[    8.008431] evm: security.selinux
[    8.019363] evm: security.SMACK64
[    8.031432] evm: security.SMACK64EXEC
[    8.042793] evm: security.SMACK64TRANSMUTE
[    8.057746] evm: security.SMACK64MMAP
[    8.070502] evm: security.ima
[    8.080944] evm: security.capability
[    8.093420] clocksource: jiffies: mask: 0xffffffff max_cycles: 0xffffffff, max_idle_ns: 7645041785100000 ns
[    8.124411] futex hash table entries: 256 (order: 2, 16384 bytes)
[    8.143671] pinctrl core: initialized pinctrl subsystem
[    8.161730] RTC time: 15:01:39, date: 07/13/24
[    8.177165] NET: Registered protocol family 16
[    8.193668] cpuidle: using governor ladder
[    8.207100] cpuidle: using governor menu
[    8.220106] PCCT header not found.
[    8.232657] ACPI: bus type PCI registered
[    8.245147] acpiphp: ACPI Hot Plug PCI Controller Driver version: 0.5
[    8.266870] PCI: Using configuration type 1 for base access
[    8.293469] ACPI: Added _OSI(Module Device)
[    8.307265] ACPI: Added _OSI(Processor Device)
[    8.321030] ACPI: Added _OSI(3.0 _SCP Extensions)
[    8.336186] ACPI: Added _OSI(Processor Aggregator Device)
[    8.356901] ACPI: Executed 1 blocks of module-level executable AML code
[    8.387117] ACPI: Interpreter enabled
[    8.394611] ACPI: (supports S0 S5)
[    8.404392] ACPI: Using IOAPIC for interrupt routing
[    8.421364] PCI: Using host bridge windows from ACPI; if necessary, use "pci=nocrs" and report a bug
[    8.476121] ACPI: PCI Root Bridge [PCI0] (domain 0000 [bus 00-ff])
[    8.496834] acpi PNP0A03:00: _OSC: OS supports [ASPM ClockPM Segments MSI]
[    8.523644] acpi PNP0A03:00: _OSC: not requesting OS control; OS requires [ExtendedConfig ASPM ClockPM MSI]
[    8.554968] acpi PNP0A03:00: fail to add MMCONFIG information, can't access extended PCI configuration space under this bridge.
[    8.593643] PCI host bridge to bus 0000:00
[    8.606645] pci_bus 0000:00: root bus resource [io  0x0000-0x0cf7 window]
[    8.627447] pci_bus 0000:00: root bus resource [io  0x0d00-0xffff window]
[    8.648913] pci_bus 0000:00: root bus resource [mem 0x000a0000-0x000bffff window]
[    8.672922] pci_bus 0000:00: root bus resource [mem 0x40000000-0xfdffffff window]
[    8.696930] pci_bus 0000:00: root bus resource [bus 00-ff]
[    8.742685] pci 0000:00:01.1: legacy IDE quirk: reg 0x10: [io  0x01f0-0x01f7]
[    8.766052] pci 0000:00:01.1: legacy IDE quirk: reg 0x14: [io  0x03f6]
[    8.787033] pci 0000:00:01.1: legacy IDE quirk: reg 0x18: [io  0x0170-0x0177]
[    8.808705] pci 0000:00:01.1: legacy IDE quirk: reg 0x1c: [io  0x0376]
[    8.895572] pci 0000:00:07.0: quirk: [io  0x4000-0x403f] claimed by PIIX4 ACPI
[    8.918733] pci 0000:00:07.0: quirk: [io  0x4100-0x410f] claimed by PIIX4 SMB
[    8.977970] ACPI: PCI Interrupt Link [LNKA] (IRQs 5 9 10 *11)
[    9.004509] ACPI: PCI Interrupt Link [LNKB] (IRQs 5 9 *10 11)
[    9.029914] ACPI: PCI Interrupt Link [LNKC] (IRQs 5 *9 10 11)
[    9.054905] ACPI: PCI Interrupt Link [LNKD] (IRQs 5 9 10 *11)
[    9.080612] ACPI: Enabled 2 GPEs in block 00 to 07
[    9.159765] vgaarb: setting as boot device: PCI:0000:00:02.0
[    9.178266] vgaarb: device added: PCI:0000:00:02.0,decodes=io+mem,owns=io+mem,locks=none
[    9.204101] vgaarb: loaded
[    9.213256] vgaarb: bridge control possible 0000:00:02.0
[    9.229887] SCSI subsystem initialized
[    9.239552] ACPI: bus type USB registered
[    9.250357] usbcore: registered new interface driver usbfs
[    9.267730] usbcore: registered new interface driver hub
[    9.284664] usbcore: registered new device driver usb
[    9.303453] PCI: Using ACPI for IRQ routing
[    9.320492] NetLabel: Initializing
[    9.332751] NetLabel:  domain hash size = 128
[    9.346885] NetLabel:  protocols = UNLABELED CIPSOv4
[    9.362014] NetLabel:  unlabeled traffic allowed by default
[    9.379887] amd_nb: Cannot enumerate AMD northbridges
[    9.396918] clocksource: Switched to clocksource kvm-clock
[    9.519239] AppArmor: AppArmor Filesystem Enabled
[    9.537502] pnp: PnP ACPI init
[    9.554756] pnp: PnP ACPI: found 3 devices
[    9.583459] clocksource: acpi_pm: mask: 0xffffff max_cycles: 0xffffff, max_idle_ns: 2085701024 ns
[    9.611415] NET: Registered protocol family 2
[    9.627417] TCP established hash table entries: 8192 (order: 4, 65536 bytes)
[    9.651093] TCP bind hash table entries: 8192 (order: 5, 131072 bytes)
[    9.673380] TCP: Hash tables configured (established 8192 bind 8192)
[    9.696360] UDP hash table entries: 512 (order: 2, 16384 bytes)
[    9.716140] UDP-Lite hash table entries: 512 (order: 2, 16384 bytes)
[    9.737181] NET: Registered protocol family 1
[    9.751594] pci 0000:00:00.0: Limiting direct PCI/PCI transfers
[    9.769889] pci 0000:00:01.0: Activating ISA DMA hang workarounds
[    9.791188] Unpacking initramfs...
[   11.037498] Freeing initrd memory: 14888K
[   11.049405] clocksource: tsc: mask: 0xffffffffffffffff max_cycles: 0x26bef67878b, max_idle_ns: 440795293631 ns
[   11.079562] platform rtc_cmos: registered platform RTC device (no PNP device found)
[   11.103153] Scanning for low memory corruption every 60 seconds
[   11.123587] audit: initializing netlink subsys (disabled)
[   11.140953] audit: type=2000 audit(1720882902.585:1): initialized
[   11.161494] Initialise system trusted keyring
[   11.176936] HugeTLB registered 2 MB page size, pre-allocated 0 pages
[   11.201342] zbud: loaded
[   11.210895] VFS: Disk quotas dquot_6.6.0
[   11.224089] VFS: Dquot-cache hash table entries: 512 (order 0, 4096 bytes)
[   11.246876] squashfs: version 4.0 (2009/01/31) Phillip Lougher
[   11.266804] fuse init (API version 7.23)
[   11.281728] Key type big_key registered
[   11.296045] Allocating IMA MOK and blacklist keyrings.
[   11.319034] Key type asymmetric registered
[   11.332506] Asymmetric key parser 'x509' registered
[   11.349795] Block layer SCSI generic (bsg) driver version 0.4 loaded (major 249)
[   11.375562] io scheduler noop registered
[   11.388539] io scheduler deadline registered (default)
[   11.405034] io scheduler cfq registered
[   11.415849] pci_hotplug: PCI Hot Plug PCI Core version: 0.5
[   11.433192] pciehp: PCI Express Hot Plug Controller Driver version: 0.4
[   11.454351] ACPI: AC Adapter [AC] (on-line)
[   11.470001] input: Power Button as /devices/LNXSYSTM:00/LNXPWRBN:00/input/input0
[   11.495598] ACPI: Power Button [PWRF]
[   11.509875] input: Sleep Button as /devices/LNXSYSTM:00/LNXSLPBN:00/input/input1
[   11.533052] ACPI: Sleep Button [SLPF]
[   11.549951] GHES: HEST is not enabled!
[   11.563895] ACPI: Battery Slot [BAT0] (battery present)
[   11.581531] Serial: 8250/16550 driver, 32 ports, IRQ sharing enabled
[   11.666048] 00:02: ttyS0 at I/O 0x3f8 (irq = 4, base_baud = 115200) is a 16550A
[   11.698659] Linux agpgart interface v0.103
[   11.730422] loop: module loaded
[   11.748782] scsi host0: ata_piix
[   11.758919] scsi host1: ata_piix
[   11.769655] ata1: PATA max UDMA/33 cmd 0x1f0 ctl 0x3f6 bmdma 0xd000 irq 14
[   11.791476] ata2: PATA max UDMA/33 cmd 0x170 ctl 0x376 bmdma 0xd008 irq 15
[   11.824230] libphy: Fixed MDIO Bus: probed
[   11.836832] tun: Universal TUN/TAP device driver, 1.6
[   11.853012] tun: (C) 1999-2004 Max Krasnyansky <maxk@qualcomm.com>
[   11.872337] PPP generic driver version 2.4.2
[   11.886437] ehci_hcd: USB 2.0 'Enhanced' Host Controller (EHCI) Driver
[   11.907018] ehci-pci: EHCI PCI platform driver
[   11.920615] ehci-platform: EHCI generic platform driver
[   11.937459] ohci_hcd: USB 1.1 'Open' Host Controller (OHCI) Driver
[   11.957386] ohci-pci: OHCI PCI platform driver
[   11.972482] ohci-platform: OHCI generic platform driver
[   12.137440] uhci_hcd: USB Universal Host Controller Interface driver
[   12.157889] i8042: PNP: PS/2 Controller [PNP0303:PS2K,PNP0f03:PS2M] at 0x60,0x64 irq 1,12
[   12.195487] serio: i8042 KBD port at 0x60,0x64 irq 1
[   12.221275] serio: i8042 AUX port at 0x60,0x64 irq 12
[   12.238769] mousedev: PS/2 mouse device common for all mice
[   12.266553] input: AT Translated Set 2 keyboard as /devices/platform/i8042/serio0/input/input2
[   12.294812] rtc_cmos rtc_cmos: rtc core: registered rtc_cmos as rtc0
[   12.316723] rtc_cmos rtc_cmos: alarms up to one day, 114 bytes nvram
[   12.339226] i2c /dev entries driver
[   12.351352] device-mapper: uevent: version 1.0.3
[   12.367577] device-mapper: ioctl: 4.34.0-ioctl (2015-10-28) initialised: dm-devel@redhat.com
[   12.394183] ledtrig-cpu: registered to indicate activity on CPUs
[   12.413021] NET: Registered protocol family 10
[   12.427706] NET: Registered protocol family 17
[   12.444357] Key type dns_resolver registered
[   12.459461] registered taskstats version 1
[   12.472737] Loading compiled-in X.509 certificates
[   12.486554] Loaded X.509 cert 'Build time autogenerated kernel key: cf00e047681d67edb2720680708b7d9498083038'
[   12.523131] zswap: loaded using pool lzo/zbud
[   12.545979] Key type trusted registered
[   12.573157] Key type encrypted registered
[   12.588537] AppArmor: AppArmor sha1 policy hashing enabled
[   12.609028] ima: No TPM chip found, activating TPM-bypass!
[   12.627248] ima: Allocated hash algorithm: sha1
[   12.641690] evm: HMAC attrs: 0x1
[   12.655783]   Magic number: 0:535:32
[   12.670067] rtc_cmos rtc_cmos: setting system clock to 2024-07-13 15:01:43 UTC (1720882903)
[   12.697767] BIOS EDD facility v0.16 2004-Jun-25, 0 devices found
[   12.717768] EDD information not available.
[   12.737133] Freeing unused kernel memory: 1492K
[   12.746831] Write protecting the kernel read-only data: 14336k
[   12.764995] Freeing unused kernel memory: 1584K
[   12.781314] Freeing unused kernel memory: 52K
Loading, please wait...
starting version 229
[   12.854418] random: systemd-udevd: uninitialized urandom read (16 bytes read, 14 bits of entropy available)
[   12.892163] random: udevadm: uninitialized urandom read (16 bytes read, 14 bits of entropy available)
[   12.925852] random: systemd-udevd: uninitialized urandom read (16 bytes read, 14 bits of entropy available)
[   12.956088] random: udevadm: uninitialized urandom read (16 bytes read, 14 bits of entropy available)
[   12.990643] random: systemd-udevd: uninitialized urandom read (16 bytes read, 14 bits of entropy available)
[   13.057566] random: systemd-udevd: uninitialized urandom read (16 bytes read, 14 bits of entropy available)
[   13.091735] random: udevadm: uninitialized urandom read (16 bytes read, 14 bits of entropy available)
[   13.121751] random: systemd-udevd: uninitialized urandom read (16 bytes read, 14 bits of entropy available)
[   13.152127] random: udevadm: uninitialized urandom read (16 bytes read, 14 bits of entropy available)
[   13.180789] random: udevadm: uninitialized urandom read (16 bytes read, 14 bits of entropy available)
[   13.555780] Fusion MPT base driver 3.04.20
[   13.569338] Copyright (c) 1999-2008 LSI Corporation
[   13.666914] e1000: Intel(R) PRO/1000 Network Driver - version 7.3.21-k8-NAPI
[   13.691851] e1000: Copyright (c) 1999-2006 Intel Corporation.
[   13.719525] SSE version of gcm_enc/dec engaged.
[   13.777602] Fusion MPT SPI Host driver 3.04.20
[   14.141861] input: ImExPS/2 Generic Explorer Mouse as /devices/platform/i8042/serio1/input/input4
[   15.568312] e1000 0000:00:03.0 eth0: (PCI:33MHz:32-bit) 02:be:82:6b:cc:1d
[   15.590524] e1000 0000:00:03.0 eth0: Intel(R) PRO/1000 Network Connection
[   15.615803] mptbase: ioc0: Initiating bringup
[   15.720155] ioc0: LSI53C1030 A0: Capabilities={Initiator}
[   15.959074] scsi host2: ioc0: LSI53C1030 A0, FwRev=00000000h, Ports=1, MaxQ=256, IRQ=20
[   16.102367] scsi 2:0:0:0: Direct-Access     VBOX     HARDDISK         1.0  PQ: 0 ANSI: 5
[   16.135508] scsi target2:0:0: Beginning Domain Validation
[   16.273596] scsi target2:0:0: Domain Validation skipping write tests
[   16.297831] scsi target2:0:0: Ending Domain Validation
[   16.359285] scsi target2:0:0: asynchronous
[   16.439352] scsi 2:0:1:0: Direct-Access     VBOX     HARDDISK         1.0  PQ: 0 ANSI: 5
[   16.505009] scsi target2:0:1: Beginning Domain Validation
[   16.746740] scsi target2:0:1: Domain Validation skipping write tests
[   16.768105] scsi target2:0:1: Ending Domain Validation
[   16.829637] scsi target2:0:1: asynchronous
[   17.262216] sd 2:0:0:0: Attached scsi generic sg0 type 0
[   17.281528] sd 2:0:0:0: [sda] 83886080 512-byte logical blocks: (42.9 GB/40.0 GiB)
[   17.330506] sd 2:0:1:0: [sdb] 20480 512-byte logical blocks: (10.5 MB/10.0 MiB)
[   17.356273] sd 2:0:1:0: Attached scsi generic sg1 type 0
[   17.376659] sd 2:0:0:0: [sda] Write Protect is off
[   17.416936] sd 2:0:0:0: [sda] Incomplete mode parameter data
[   17.437587] sd 2:0:0:0: [sda] Assuming drive cache: write through
[   17.459051] sd 2:0:1:0: [sdb] Write Protect is off
[   17.528983] sd 2:0:1:0: [sdb] Incomplete mode parameter data
[   17.549793] sd 2:0:1:0: [sdb] Assuming drive cache: write through
[   17.601876]  sda: sda1
[   17.639522] sd 2:0:0:0: [sda] Attached SCSI disk
[   17.738250] sd 2:0:1:0: [sdb] Attached SCSI disk
[   18.354953] e1000 0000:00:08.0 eth1: (PCI:33MHz:32-bit) 08:00:27:55:a5:42
[   18.375971] e1000 0000:00:08.0 eth1: Intel(R) PRO/1000 Network Connection
[   18.403468] e1000 0000:00:03.0 enp0s3: renamed from eth0
[   18.425516] e1000 0000:00:08.0 enp0s8: renamed from eth1
Begin: Loading essential drivers ... [   21.020794] md: linear personality registered for level -1
[   21.048586] md: multipath personality registered for level -4
[   21.078406] md: raid0 personality registered for level 0
[   21.139759] md: raid1 personality registered for level 1
[   21.242586] raid6: sse2x1   gen()  4722 MB/s
[   21.327331] raid6: sse2x1   xor()  3349 MB/s
[   21.413406] raid6: sse2x2   gen()  6333 MB/s
[   21.517990] raid6: sse2x2   xor()  3924 MB/s
[   21.613451] raid6: sse2x4   gen()  6085 MB/s
[   21.697255] raid6: sse2x4   xor()  3917 MB/s
[   21.713108] raid6: using algorithm sse2x2 gen() 6333 MB/s
[   21.733393] raid6: .... xor() 3924 MB/s, rmw enabled
[   21.749900] raid6: using ssse3x2 recovery algorithm
[   21.778252] xor: measuring software checksum speed
[   21.897227]    prefetch64-sse: 18163.000 MB/sec
[   22.021377]    generic_sse: 18889.000 MB/sec
[   22.037551] xor: using function: generic_sse (18889.000 MB/sec)
[   22.061334] async_tx: api initialized (async)
[   22.209257] md: raid6 personality registered for level 6
[   22.227047] md: raid5 personality registered for level 5
[   22.244082] md: raid4 personality registered for level 4
[   22.315368] md: raid10 personality registered for level 10
done.
Begin: Running /scripts/init-premount ... done.
Begin: Mounting root file system ... Begin: Running /scripts/local-top ... done.
Begin: Running /scripts/local-premount ... [   22.714986] Btrfs loaded
Scanning for Btrfs filesystems
done.
Warning: fsck not present, so skipping root file system
[   22.899991] EXT4-fs (sda1): mounted filesystem with ordered data mode. Opts: (null)
done.
Begin: Running /scripts/local-bottom ... done.
Begin: Running /scripts/init-bottom ... [   23.034422] random: nonblocking pool is initialized
done.
[   23.412288] systemd[1]: systemd 229 running in system mode. (+PAM +AUDIT +SELINUX +IMA +APPARMOR +SMACK +SYSVINIT +UTMP +LIBCRYPTSETUP +GCRYPT +GNUTLS +ACL +XZ -LZ4 +SECCOMP +BLKID +ELFUTILS +KMOD -IDN)
[   23.456640] systemd[1]: Detected virtualization oracle.
[   23.468800] systemd[1]: Detected architecture x86-64.

Welcome to [1mUbuntu 16.04.7 LTS[0m!

[   23.512089] systemd[1]: Set hostname to <ubuntu>.
[   23.547993] systemd[1]: Initializing machine ID from random generator.
[   23.566053] systemd[1]: Installed transient /etc/machine-id file.
[   24.201878] systemd[1]: Listening on Journal Socket (/dev/log).
[[0;32m  OK  [0m] Listening on Journal Socket (/dev/log).
[   24.242194] systemd[1]: Listening on LVM2 metadata daemon socket.
[[0;32m  OK  [0m] Listening on LVM2 metadata daemon socket.
[   24.283603] systemd[1]: Reached target System Time Synchronized.
[[0;32m  OK  [0m] Reached target System Time Synchronized.
[   24.324429] systemd[1]: Listening on /dev/initctl Compatibility Named Pipe.
[[0;32m  OK  [0m] Listening on /dev/initctl Compatibility Named Pipe.
[   24.370686] systemd[1]: Listening on Device-mapper event daemon FIFOs.
[[0;32m  OK  [0m] Listening on Device-mapper event daemon FIFOs.
[   24.411388] systemd[1]: Listening on udev Kernel Socket.
[[0;32m  OK  [0m] Listening on udev Kernel Socket.
[   24.451416] systemd[1]: Started Trigger resolvconf update for networkd DNS.
[[0;32m  OK  [0m] Started Trigger resolvconf update for networkd DNS.
[   24.489548] systemd[1]: Listening on fsck to fsckd communication Socket.
[[0;32m  OK  [0m] Listening on fsck to fsckd communication Socket.
[   24.532204] systemd[1]: Listening on Journal Audit Socket.
[[0;32m  OK  [0m] Listening on Journal Audit Socket.
[   24.572421] systemd[1]: Created slice User and Session Slice.
[[0;32m  OK  [0m] Created slice User and Session Slice.
[   24.612636] systemd[1]: Listening on Syslog Socket.
[[0;32m  OK  [0m] Listening on Syslog Socket.
[   24.646766] systemd[1]: Listening on udev Control Socket.
[[0;32m  OK  [0m] Listening on udev Control Socket.
[   24.682812] systemd[1]: Reached target Encrypted Volumes.
[[0;32m  OK  [0m] Reached target Encrypted Volumes.
[   24.721709] systemd[1]: Listening on Journal Socket.
[[0;32m  OK  [0m] Listening on Journal Socket.
[   24.758657] systemd[1]: Listening on LVM2 poll daemon socket.
[[0;32m  OK  [0m] Listening on LVM2 poll daemon socket.
[   24.798925] systemd[1]: Reached target Swap.
[[0;32m  OK  [0m] Reached target Swap.
[   24.831708] systemd[1]: Created slice System Slice.
[[0;32m  OK  [0m] Created slice System Slice.
[   24.868081] systemd[1]: Mounting Debug File System...
         Mounting Debug File System...
[   24.921482] systemd[1]: Mounting POSIX Message Queue File System...
         Mounting POSIX Message Queue File System...
[   24.975357] systemd[1]: Starting Load Kernel Modules...
         Starting Load Kernel Modules...
[   25.034176] systemd[1]: Starting Nameserver information manager...
         Starting Nameserver information manager...
[   25.127774] systemd[1]: Starting Create list of required static device nodes for the current kernel...
[   25.157353] Loading iSCSI transport class v2.0-870.
         Starting Create list of required st... nodes for the current kernel...
[   25.216714] systemd[1]: Mounting Huge Pages File System...
[   25.249666] iscsi: registered transport (tcp)
         Mounting Huge Pages File System...
[   25.298215] systemd[1]: Starting Uncomplicated firewall...
         Starting Uncomplicated firewall...
[   25.366509] systemd[1]: Created slice system-serial\x2dgetty.slice.
[[0;32m  OK  [0m] Created slice system-serial\x2dgetty.slice.
[   25.434810] systemd[1]: Starting Set console keymap...
         Starting Set console keymap...
[   25.490601] systemd[1]: Reached target Slices.
[[0;32m  OK  [0m] Reached target Slices.
[   25.558865] systemd[1]: Reached target User and Group Name Lookups.
[[0;32m  OK  [0m] Reached target User and Group Name Lookups.
[   25.655277] systemd[1]: Set up automount Arbitrary Executable File Formats File System Automount Point.
[[0;32m  OK  [0m] Set up automount Arbitrary Executab...ats File System Automount Point.
[   25.767610] iscsi: registered transport (iser)
[   25.784397] systemd[1]: Starting Monitoring of LVM2 mirrors, snapshots etc. using dmeventd or progress polling...
         Starting Monitoring of LVM2 mirrors... dmeventd or progress polling...
[   25.879031] systemd[1]: Started Forward Password Requests to Wall Directory Watch.
[[0;32m  OK  [0m] Started Forward Password Requests to Wall Directory Watch.
[   25.939121] systemd[1]: Starting File System Check on Root Device...
         Starting File System Check on Root Device...
[   26.011439] systemd[1]: Starting Journal Service...
         Starting Journal Service...
[   26.079192] systemd[1]: Mounted Huge Pages File System.
[[0;32m  OK  [0m] Mounted Huge Pages File System.
[   26.141880] systemd[1]: Mounted POSIX Message Queue File System.
[[0;32m  OK  [0m] Mounted POSIX Message Queue File System.
[   26.175228] systemd[1]: Mounted Debug File System.
[[0;32m  OK  [0m] Mounted Debug File System.
[   26.210882] systemd[1]: Started Journal Service.
[[0;32m  OK  [0m] Started Journal Service.
[[0;32m  OK  [0m] Started Load Kernel Modules.
[[0;32m  OK  [0m] Started Create list of required sta...ce nodes for the current kernel.
[[0;32m  OK  [0m] Started Uncomplicated firewall.
[[0;32m  OK  [0m] Started Set console keymap.
[[0;32m  OK  [0m] Started File System Check on Root Device.
[[0;32m  OK  [0m] Started Nameserver information manager.
[[0;32m  OK  [0m] Started File System Check Daemon to report status.
[[0;32m  OK  [0m] Started LVM2 metadata daemon.
         Starting Remount Root and Kernel File Systems...
[   26.640463] EXT4-fs (sda1): re-mounted. Opts: (null)
         Starting Create Static Device Nodes in /dev...
         Mounting FUSE Control File System...
         Starting Apply Kernel Variables...
[[0;32m  OK  [0m] Mounted FUSE Control File System.
[[0;32m  OK  [0m] Started Remount Root and Kernel File Systems.
[[0;32m  OK  [0m] Started Monitoring of LVM2 mirrors,...ng dmeventd or progress polling.
[[0;32m  OK  [0m] Started Create Static Device Nodes in /dev.
[[0;32m  OK  [0m] Started Apply Kernel Variables.
         Starting udev Kernel Device Manager...
         Starting Flush Journal to Persistent Storage...
[[0;32m  OK  [0m] Reached target Local File Systems (Pre).
[[0;32m  OK  [0m] Reached target Local File Systems.
         Starting Commit a transient machine-id on disk...
         Starting LSB: AppArmor initialization...
         Starting Tell Plymouth To Write Out Runtime Data...
         Starting Initial cloud-init job (pre-networking)...
         Starting Set console font and keymap...
         Starting udev Coldplug all Devices...
         Starting Load/Save Random Seed...
[[0;32m  OK  [0m] Started udev Kernel Device Manager.
[[0;32m  OK  [0m] Started Commit a transient machine-id on disk.
[[0;32m  OK  [0m] Started Tell Plymouth To Write Out Runtime Data.
[[0;32m  OK  [0m] Started Load/Save Random Seed.
[[0;32m  OK  [0m] Started Flush Journal to Persistent Storage.
         Starting Create Volatile Files and Directories...
[[0;32m  OK  [0m] Started Create Volatile Files and Directories.
         Starting Update UTMP about System Boot/Shutdown...
[[0;32m  OK  [0m] Started Update UTMP about System Boot/Shutdown.
[[0;32m  OK  [0m] Started udev Coldplug all Devices.
[[0;32m  OK  [0m] Started Dispatch Password Requests to Console Directory Watch.
[[0;32m  OK  [0m] Found device /dev/ttyS0.
[[0;32m  OK  [0m] Listening on Load/Save RF Kill Switch Status /dev/rfkill Watch.
[[0;32m  OK  [0m] Started LSB: AppArmor initialization.
[   29.618281]          Starting Load AppArmor profiles managed internally by snapd...cloud-init[497]: 
[[0;32m  OK  [0m] Started Initial cloud-init job (pre-networking).Cloud-init v. 21.1-19-gbad84ad4-0ubuntu1~16.04.2 running 'init-local' at Sat, 13 Jul 2024 15:02:05 +0000. Up 27.80 seconds.
[[0;32m  OK  [0m] Reached target Network (Pre).
         Starting Raise network interfaces...

[[0;32m  OK  [0m] Started Load AppArmor profiles managed internally by snapd.
[[0;32m  OK  [0m] Started Set console font and keymap.
[[0;32m  OK  [0m] Created slice system-getty.slice.
[[0;32m  OK  [0m] Started Raise network interfaces.
         Starting Initial cloud-init job (metadata service crawler)...
[[0;32m  OK  [0m] Reached target Network.
[   34.642396] cloud-init[977]: Cloud-init v. 21.1-19-gbad84ad4-0ubuntu1~16.04.2 running 'init' at Sat, 13 Jul 2024 15:02:10 +0000. Up 33.03 seconds.
[   34.703321] cloud-init[977]: ci-info: ++++++++++++++++++++++++++++++++++++++Net device info+++++++++++++++++++++++++++++++++++++++
[   34.759295] cloud-init[977]: ci-info: +--------+-------+----------------------------+---------------+--------+-------------------+
[[0;32m  OK  [0m[   34.816708] cloud-init] Started Initial cloud-init job (metadata service crawler).[977]: ci-info: | Device |   Up  |          Address           |      Mask     | Scope  |     Hw-Address    |
[[0;32m  OK  [0m
[   34.871903] ] Reached target Cloud-config availability.cloud-init[977]: ci-info: +--------+-------+----------------------------+---------------+--------+-------------------+
[[0;32m  OK  [0m
] Reached target System Initialization.[   34.916060] cloud-init
[977]: ci-info: | enp0s3 |  True |         10.0.2.15          | 255.255.255.0 | global | 02:be:82:6b:cc:1d |[[0;32m  OK  [0m] Started Daily Cleanup of Temporary Directories.
[   34.951855] cloud-init
[977]: ci-info: | enp0s3 |  True | fe80::be:82ff:fe6b:cc1d/64 |       .       |  link  | 02:be:82:6b:cc:1d |
         Starting LXD - unix socket.[   34.983840] 
cloud-init[[0;32m  OK  [0m[977]: ci-info: | enp0s8 | False |             .              |       .       |   .    | 08:00:27:55:a5:42 |] Started Message of the Day.
[   35.020203] 
[[0;32m  OK  [0mcloud-init] Listening on UUID daemon activation socket.[977]: ci-info: |   lo   |  True |         127.0.0.1          |   255.0.0.0   |  host  |         .         |
         
Starting Socket activation for snappy daemon.[   35.076298] cloud-init[977]: 
[[0;32m  OK  [0mci-info: |   lo   |  True |          ::1/128           |       .       |  host  |         .         |] Listening on D-Bus System Message Bus Socket.
[   35.117475] cloud-init[977]: 
[[0;32m  OK  [0mci-info: +--------+-------+----------------------------+---------------+--------+-------------------+] Started Ubuntu Advantage update messaging.

[   35.157938] cloud-init[[0;32m  OK  [0m[977]: ci-info: +++++++++++++++++++++++++++Route IPv4 info++++++++++++++++++++++++++++] Started ACPI Events Check.
[
[0;32m  OK  [0m] [   35.206422] cloud-init[977]: Reached target Paths.ci-info: +-------+-------------+----------+---------------+-----------+-------+
[[0;32m  OK  [0m
] Listening on ACPID Listen Socket.[   35.244917] cloud-init[977]: 
[ci-info: | Route | Destination | Gateway  |    Genmask    | Interface | Flags |[0;32m  OK  [0m] 
Started Daily apt download activities.[   35.279611] cloud-init
[977]: [ci-info: +-------+-------------+----------+---------------+-----------+-------+[0;32m  OK  [0m] Started Daily apt upgrade and clean activities.
[   35.321825] 
cloud-init[[977]: ci-info: |   0   |   0.0.0.0   | 10.0.2.2 |    0.0.0.0    |   enp0s3  |   UG  |[0;32m  OK  [0m] Reached target Timers.

[   35.363999] [[0;32m  OK  [0m] cloud-initReached target Network is Online.[977]: ci-info: |   1   |   10.0.2.0  | 0.0.0.0  | 255.255.255.0 |   enp0s3  |   U   |
         Starting iSCSI initiator daemon (iscsid)...
[   35.414290] 
[[0;32m  OK  [0mcloud-init[977]: ] Listening on LXD - unix socket.ci-info: +-------+-------------+----------+---------------+-----------+-------+
[
[0;32m  OK  [0m] [   35.481533] Listening on Socket activation for snappy daemon.cloud-init
[[0;32m  OK  [0m[977]: ci-info: +++++++++++++++++++Route IPv6 info+++++++++++++++++++] Reached target Sockets.
[
[0;32m  OK  [0m[   35.541867] cloud-init[977]: ] Reached target Basic System.ci-info: +-------+-------------+---------+-----------+-------+

         [   35.572687] cloud-initStarting System Logging Service...[977]: 
[[0;32m  OK  [0mci-info: | Route | Destination | Gateway | Interface | Flags |] Started ACPI event daemon.
         
Starting LSB: Record successful boot for GRUB...
[[   35.667887] [0;32m  OK  [0mcloud-init] Started FUSE filesystem for LXC.
[[977]: [0;32m  OK  [0m] Started Regular background program processing daemon.
ci-info: +-------+-------------+---------+-----------+-------+         Starting Accounts Service...
[[0;32m  OK  [0m] Started D-Bus System Message Bus.

[   35.877140] cloud-init[977]: ci-info: |   0   |  fe80::/64  |    ::   |   enp0s3  |   U   |
[   35.969525] [[0;32m  OK  [0m] Started Deferred execution scheduler.cloud-init
         [977]: ci-info: |   3   |   ff00::/8  |    ::   |   enp0s3  |   U   |Starting LSB: MD monitoring daemon...

         Starting Pollinate to seed the pseudo random number generator...
         Starting Virtualbox guest utils...
         [   36.137794] Starting Login Service...
         Starting /etc/rc.local Compatibility...
cloud-init         Starting Snap Daemon...
         Starting LXD - container startup/shutdown...[977]: 
[[0;32m  OK  [0m] Started System Logging Service.
[ci-info: +-------+-------------+---------+-----------+-------+[0;32m  OK  [0m] Started /etc/rc.local Compatibility.

[[0;32m  OK  [0m] Started Login Service.
[[0;32m  OK  [0m] Started Unattended Upgrades Shutdown.
         Starting Authenticate and Authorize Users to Run Privileged Tasks...
[[0;32m  OK  [0m] Started iSCSI initiator daemon (iscsid).
         Starting Login to default iSCSI targets...[   36.567051] 
cloud-init[[0;32m  OK  [0m] Started LSB: Record successful boot for GRUB.
[977]: Generating public/private rsa key pair.[[0;32m  OK  [0m] Started Login to default iSCSI targets.

[[0;32m  OK  [0m] Reached target Remote File Systems (Pre).
[[0;32m  OK  [0m[   36.923247] ] Reached target Remote File Systems.
         Starting LSB: Set the CPU Frequency Scaling governor to "ondemand"...
         Starting LSB: automatic crash report generation...
         cloud-initStarting Permit User Sessions...
         Starting LSB: daemon to balance interrupts for SMP systems...
[[0;32m  OK  [0m] Started LSB: MD monitoring daemon.[977]: 
[[0;32m  OK  [0m] Started Permit User Sessions.
[[0;32m  OK  [0mYour identification has been saved in /etc/ssh/ssh_host_rsa_key.] Started Authenticate and Authorize Users to Run Privileged Tasks.
[[0;32m  OK  [0m] Started Accounts Service.
         
Starting Hold until boot process finishes up...
         Starting Terminate Plymouth Boot Screen...
[[0;32m  OK  [0m] Started Hold until boot process finishes up.
[   37.426869] [[0;32m  OK  [0m] Started Terminate Plymouth Boot Screen.
[[0;32m  OK  [0m] Started Getty on tty1.
         cloud-init[977]: Starting Set console scheme...
[[0;32m  OK  [0m] Started Serial Getty on ttyS0.
[[0;32m  OK  [0m] Reached target Login Prompts.
[[0;32m  OK  [0mYour public key has been saved in /etc/ssh/ssh_host_rsa_key.pub.] Started LSB: Set the CPU Frequency Scaling governor to "ondemand".
[[0;32m  OK  [0m] Started Set console scheme.

[   37.785192] cloud-init[[0;32m  OK  [0m] Started LSB: daemon to balance interrupts for SMP systems.[977]: 
The key fingerprint is:
[   38.058777] cloud-init[977]: SHA256:9KP0R2qZqP05gc/EYWosQ1kAi1wB12ZNZD+lyBGElp4 root@ubuntu-xenial
[[   38.219566] [0;32m  OK  [0m] Started LSB: automatic crash report generation.
cloud-init[977]: The key's randomart image is:
[   38.404409] [[0;32m  OK  [0m] cloud-initStarted LXD - container startup/shutdown.
[977]: +---[RSA 2048]----+
[   38.506005] cloud-init[977]: |  ..=+.OB.  .    |
[   38.664644] cloud-init[977]: | . + .Boo+ o     |[[0;32m  OK  [0m
] Started Virtualbox guest utils.
[   38.805611] cloud-init[977]: |  o .= ++ +      |
[   38.933976] cloud-init[977]: |      E. .o.     |
[   39.027104] cloud-init[977]: |     . .S=o..    |
[   39.130825] cloud-init[977]: |      o.=++*     |
[   39.229425] cloud-init[977]: |       +o+*..    |
[   39.322516] cloud-init[977]: |       o .+o     |
[   39.427353] cloud-init[977]: |      . ..o.     |
[   39.550800] cloud-init[[0;32m  OK  [0m[977]: ] Started Pollinate to seed the pseudo random number generator.+----[SHA256]-----+
         
Starting OpenBSD Secure Shell server...
[   39.673120] cloud-init[977]: Generating public/private dsa key pair.
[[0;32m  OK  [0m[   39.782071] ] Started OpenBSD Secure Shell server.cloud-init[977]: 
Your identification has been saved in /etc/ssh/ssh_host_dsa_key.
[   39.884773] cloud-init[977]: Your public key has been saved in /etc/ssh/ssh_host_dsa_key.pub.
[   39.972799] cloud-init[977]: The key fingerprint is:
[   40.073435] cloud-init[977]: SHA256:RAxvAxoLgSvLhXi7Rld5Qqjm1TVM0UVtlWV4lUFVsrE root@ubuntu-xenial
[   40.188955] [[0;32m  OK  [0mcloud-init] Created slice User Slice of vagrant.[977]: The key's randomart image is:
         
Starting User Manager for UID 1000...[   40.316851] cloud-init
[[0;32m  OK  [0m] [977]: +---[DSA 1024]----+Started Session 1 of user vagrant.

[[0;32m  OK  [0m] Started User Manager for UID 1000.[   40.445067] 
cloud-init[977]: | .o...o=+o oo.+=/|
[   40.530296] cloud-init[977]: |.  ..+.+= .   +O.|
[   40.633455] cloud-init[977]: |....oo o=.   .E. |
[   40.721275] cloud-init[977]: |+.+.. =o..       |
[   40.813694] cloud-init[977]: |o=.o . oS        |
[   40.908931] [[0;32m  OK  [0mcloud-init] Started Snap Daemon.
[977]: |..+ .            |         
Starting Wait until snapd is fully seeded...
[   41.096366] cloud-init[977]: | . o             |
[   41.209166] cloud-init[977]: |  o              |
[   41.394330] cloud-init[977]: | .               |
[   41.608793] cloud-init[977]: +----[SHA256]-----+
[   41.730943] cloud-init[977]: Generating public/private ecdsa key pair.
[   41.871022] cloud-init[977]: Your identification has been saved in /etc/ssh/ssh_host_ecdsa_key.
[   42.010830] cloud-init[977]: Your public key has been saved in /etc/ssh/ssh_host_ecdsa_key.pub.
[   42.114717] cloud-init[977]: The key fingerprint is:
[   42.210422] cloud-init[977]: SHA256:I2FlGodYrVsQ+yoDpkoTM62GE1ybfBP7hJ/VNu1vWhk root@ubuntu-xenial
[   42.338591] cloud-init[977]: The key's randomart image is:
[   42.441830] cloud-init[977]: +---[ECDSA 256]---+
[   42.710438] cloud-init[977]: |     o+++        |
[   43.072826] cloud-init[977]: |    . oB.        |
[   43.169660] cloud-init[977]: |   . .=o         |
[   43.303781] cloud-init[977]: |. + o.=o. . .    |
[   43.404780] cloud-init[977]: |.=o= =.+S. + . E |
[   43.505783] cloud-init[977]: |.+=.. *oo.. o   o|
[   43.584861] cloud-init[977]: |+=  o .+     . o |
[   43.661166] cloud-init[977]: |+..  o        o. |
[   43.709166] cloud-init[977]: |.            .o. |
[   43.759853] cloud-init[977]: +----[SHA256]-----+
[   43.807618] cloud-init[977]: Generating public/private ed25519 key pair.
[   43.882385] cloud-init[977]: Your identification has been saved in /etc/ssh/ssh_host_ed25519_key.
[   43.972896] 
cloud-init[977]: UbYour public key has been saved in /etc/ssh/ssh_host_ed25519_key.pub.unt
u [   44.131901] cloud-init1[977]: The key fingerprint is:6.
04[   44.237209] .7cloud-init L[977]: SHA256:TP7sYEpZA9OxoprXVJV9s+cvgQ4fM5heGcWaoKIFEHI root@ubuntu-xenialTS
 ubuntu-xenial[   44.341369] cloud-init ttyS0[977]: The key's randomart image is:

ubuntu-xenial
[   44.428842]  login: cloud-init[977]: +--[ED25519 256]--+
[   44.507299] cloud-init[977]: |. Eo    . .o .   |
[   44.548518] cloud-init[977]: | o  .  . +o . =  |
[   44.578909] cloud-init[977]: |     .+ =. . = o |
[   44.621278] cloud-init[977]: |     .oO.   + . .|
[   44.644861] cloud-init[977]: |    .o..S  o + o |
[   44.681512] cloud-init[977]: |   o.o o ++ B . .|
[   44.714648] cloud-init[977]: |  o . + o.o= + ..|
[   44.748231] cloud-init[977]: |   . . o o. o . .|
[   44.777445] cloud-init[977]: |      .   .    . |
[   44.841275] cloud-init[977]: +----[SHA256]-----+
[   51.084414] cloud-init[1489]: Generating locales (this might take a while)...
[   55.665702] cloud-init[1489]:   en_US.UTF-8... done
[   55.721684] cloud-init[1489]: Generation complete.
[   56.561346] cloud-init[1489]: Cloud-init v. 21.1-19-gbad84ad4-0ubuntu1~16.04.2 running 'modules:config' at Sat, 13 Jul 2024 15:02:28 +0000. Up 50.55 seconds.
ci-info: no authorized SSH keys fingerprints found for user ubuntu.
<14>Jul 13 15:02:35 ec2: 
<14>Jul 13 15:02:35 ec2: #############################################################
<14>Jul 13 15:02:35 ec2: -----BEGIN SSH HOST KEY FINGERPRINTS-----
<14>Jul 13 15:02:35 ec2: 1024 SHA256:RAxvAxoLgSvLhXi7Rld5Qqjm1TVM0UVtlWV4lUFVsrE root@ubuntu-xenial (DSA)
<14>Jul 13 15:02:35 ec2: 256 SHA256:I2FlGodYrVsQ+yoDpkoTM62GE1ybfBP7hJ/VNu1vWhk root@ubuntu-xenial (ECDSA)
<14>Jul 13 15:02:35 ec2: 256 SHA256:TP7sYEpZA9OxoprXVJV9s+cvgQ4fM5heGcWaoKIFEHI root@ubuntu-xenial (ED25519)
<14>Jul 13 15:02:35 ec2: 2048 SHA256:9KP0R2qZqP05gc/EYWosQ1kAi1wB12ZNZD+lyBGElp4 root@ubuntu-xenial (RSA)
<14>Jul 13 15:02:35 ec2: -----END SSH HOST KEY FINGERPRINTS-----
<14>Jul 13 15:02:35 ec2: #############################################################
-----BEGIN SSH HOST KEY KEYS-----
ecdsa-sha2-nistp256 AAAAE2VjZHNhLXNoYTItbmlzdHAyNTYAAAAIbmlzdHAyNTYAAABBBKaw6xIJlStd+eX5fufU72q0UTuhEbXWXEsUjjKGumBklEO7H5oak6wISMcyUztRDmEHPgkCM4HD1K7xI+ohKqs= root@ubuntu-xenial
ssh-ed25519 AAAAC3NzaC1lZDI1NTE5AAAAICbA1aS4jcKteFPH+7EomVxFspZi7zXZa+DZLSbE/sEn root@ubuntu-xenial
ssh-rsa AAAAB3NzaC1yc2EAAAADAQABAAABAQC4B4lupGo7yhTGSW4ZXGyveGl5L9yTGzwKFg3SKkMCtemIagrpGeLCU/8GDirRpmjMXXJRlkBRx1RBfyGtR3hjGDBUOKiH1QA0bKUGT1IZBKkHIfIc6SMGrCCiHpLQW6zRgKMFBjHUjbKBBQNAA32T4fgerMRv65/i4q+swy3AwRkk2lwHFzSiFAc9HqhsGiyuuuxAg22dxuugPcbF+IIbFY/rBrL+wd4LfBcXQDF9To6iWB1oTbrcIhkWMmFlSp2I1rS+q7bmk6nAw4nCOuYvUzANmd7EM56hNwSvTkshu416cGoobM0fX799oea3V8DpHiwtb0FxgeUyfR0REn+/ root@ubuntu-xenial
-----END SSH HOST KEY KEYS-----
[   58.469034] cloud-init[1693]: Cloud-init v. 21.1-19-gbad84ad4-0ubuntu1~16.04.2 running 'modules:final' at Sat, 13 Jul 2024 15:02:35 +0000. Up 57.73 seconds.
[   58.559530] cloud-init[1693]: ci-info: no authorized SSH keys fingerprints found for user ubuntu.
[   58.642990] cloud-init[1693]: Cloud-init v. 21.1-19-gbad84ad4-0ubuntu1~16.04.2 finished at Sat, 13 Jul 2024 15:02:35 +0000. Datasource DataSourceNoCloud [seed=/dev/sdb][dsmode=net].  Up 58.44 seconds
         Stopping User Manager for UID 1000...
[[0;32m  OK  [0m] Stopped target Timers.
[[0;32m  OK  [0m] Stopped target Graphical Interface.
         Stopping Session 2 of user vagrant.
         Stopping ACPI event daemon...
[[0;32m  OK  [0m] Stopped Ubuntu Advantage update messaging.
         Stopping Authenticate and Authorize Users to Run Privileged Tasks...
         Stopping Accounts Service...
[[0;32m  OK  [0m] Closed Load/Save RF Kill Switch Status /dev/rfkill Watch.
[[0;32m  OK  [0m] Stopped Message of the Day.
[[0;32m  OK  [0m] Stopped Daily apt upgrade and clean activities.
[[0;32m  OK  [0m] Stopped target Cloud-init target.
[[0;32m  OK  [0m] Stopped Execute cloud user/final scripts.
[[0;32m  OK  [0m] Stopped target Multi-User System.
         Stopping D-Bus System Message Bus...
         Stopping LSB: Set the CPU Frequency Scaling governor to "ondemand"...
         Stopping FUSE filesystem for LXC...
         Stopping Regular background program processing daemon...
[[0;32m  OK  [0m] Stopped target Login Prompts.
         Stopping Getty on tty1...
         Stopping Serial Getty on ttyS0...
         Stopping LSB: Record successful boot for GRUB...
         Stopping A high performance web server and a reverse proxy server...
         Stopping LXD - container startup/shutdown...
         Stopping Unattended Upgrades Shutdown...
         Stopping Deferred execution scheduler...
         Stopping Virtualbox guest utils...
         Stopping LSB: daemon to balance interrupts for SMP systems...
         Stopping OpenBSD Secure Shell server...
         Stopping LSB: automatic crash report generation...
         Stopping System Logging Service...
[[0;32m  OK  [0m] Stopped Apply the settings specified in cloud-config.
[[0;32m  OK  [0m] Stopped Wait until snapd is fully seeded.
[[0;32m  OK  [0m] Stopped target Cloud-config availability.
[[0;32m  OK  [0m] Stopped Daily apt download activities.
[[0;32m  OK  [0m] Stopped target System Time Synchronized.
[[0;32m  OK  [0m] Stopped Daily Cleanup of Temporary Directories.
         Stopping LSB: MD monitoring daemon...
[[0;32m  OK  [0m] Unmounted /var/lib/lxcfs.
[[0;32m  OK  [0m] Stopped System Logging Service.
[[0;32m  OK  [0m] Stopped ACPI event daemon.
[[0;32m  OK  [0m] Stopped Regular background program processing daemon.
[[0;32m  OK  [0m] Stopped Accounts Service.
[[0;32m  OK  [0m] Stopped Deferred execution scheduler.
[[0;32m  OK  [0m] Stopped Unattended Upgrades Shutdown.
[[0;32m  OK  [0m] Stopped Authenticate and Authorize Users to Run Privileged Tasks.
[[0;32m  OK  [0m] Stopped Getty on tty1.
[[0;32m  OK  [0m] Stopped Serial Getty on ttyS0.
[[0;32m  OK  [0m] Stopped OpenBSD Secure Shell server.
[[0;32m  OK  [0m] Stopped User Manager for UID 1000.
[[0;32m  OK  [0m] Stopped Session 2 of user vagrant.
[[0;32m  OK  [0m] Stopped D-Bus System Message Bus.
[[0;32m  OK  [0m] Stopped A high performance web server and a reverse proxy server.
[[0;32m  OK  [0m] Stopped FUSE filesystem for LXC.
[[0;32m  OK  [0m] Stopped LSB: Set the CPU Frequency Scaling governor to "ondemand".
[[0;32m  OK  [0m] Stopped LSB: Record successful boot for GRUB.
[[0;32m  OK  [0m] Stopped LXD - container startup/shutdown.
[[0;32m  OK  [0m] Removed slice User Slice of vagrant.
[[0;32m  OK  [0m] Removed slice system-serial\x2dgetty.slice.
         Stopping Permit User Sessions...
[[0;32m  OK  [0m] Removed slice system-getty.slice.
[[0;32m  OK  [0m] Stopped /etc/rc.local Compatibility.
         Stopping Login Service...
[[0;32m  OK  [0m] Stopped Login Service.
[[0;32m  OK  [0m] Stopped Virtualbox guest utils.
[[0;32m  OK  [0m] Stopped LSB: daemon to balance interrupts for SMP systems.
[[0;32m  OK  [0m] Stopped LSB: automatic crash report generation.
[[0;32m  OK  [0m] Stopped LSB: MD monitoring daemon.
[[0;32m  OK  [0m] Stopped Permit User Sessions.
[[0;32m  OK  [0m] Stopped target Remote File Systems.
         Unmounting /vagrant...
[[0;32m  OK  [0m] Stopped target Basic System.
[[0;32m  OK  [0m] Stopped target Paths.
[[0;32m  OK  [0m] Stopped Dispatch Password Requests to Console Directory Watch.
[[0;32m  OK  [0m] Stopped Forward Password Requests to Wall Directory Watch.
[[0;32m  OK  [0m] Stopped ACPI Events Check.
[[0;32m  OK  [0m] Stopped target Sockets.
[[0;32m  OK  [0m] Closed UUID daemon activation socket.
[[0;32m  OK  [0m] Closed Socket activation for snappy daemon.
[[0;32m  OK  [0m] Closed Syslog Socket.
[[0;32m  OK  [0m] Closed ACPID Listen Socket.
[[0;32m  OK  [0m] Closed LXD - unix socket.
[[0;32m  OK  [0m] Stopped target Slices.
[[0;32m  OK  [0m] Removed slice User and Session Slice.
[[0;32m  OK  [0m] Closed D-Bus System Message Bus Socket.
[[0;32m  OK  [0m] Stopped target User and Group Name Lookups.
[[0;32m  OK  [0m] Stopped target System Initialization.
         Stopping Load/Save Random Seed...
[[0;32m  OK  [0m] Stopped target Swap.
[[0;32m  OK  [0m] Stopped Commit a transient machine-id on disk.
[[0;32m  OK  [0m] Stopped target Encrypted Volumes.
[[0;32m  OK  [0m] Stopped Create Volatile Files and Directories.
[[0;32m  OK  [0m] Unmounted /vagrant.
[[0;32m  OK  [0m] Stopped Load/Save Random Seed.
[[0;32m  OK  [0m] Stopped target Remote File Systems (Pre).
         Stopping Login to default iSCSI targets...
[[0;32m  OK  [0m] Stopped Login to default iSCSI targets.
         Stopping iSCSI initiator daemon (iscsid)...
[[0;32m  OK  [0m] Stopped iSCSI initiator daemon (iscsid).
[[0;32m  OK  [0m] Stopped target Network is Online.
[[0;32m  OK  [0m] Stopped Initial cloud-init job (metadata service crawler).
[[0;32m  OK  [0m] Stopped target Network.
         Stopping Raise network interfaces...
[[0;32m  OK  [0m] Stopped Raise network interfaces.
[[0;32m  OK  [0m] Stopped Apply Kernel Variables.
[[0;32m  OK  [0m] Stopped target Local File Systems.
         Unmounting /run/user/1000...
[[0;32m  OK  [0m] Stopped Load Kernel Modules.
[[0;32m  OK  [0m] Stopped target Network (Pre).
[[0;32m  OK  [0m] Stopped Initial cloud-init job (pre-networking).
[[0;32m  OK  [0m] Unmounted /run/user/1000.
[[0;32m  OK  [0m] Reached target Unmount All Filesystems.
[[0;32m  OK  [0m] Stopped target Local File Systems (Pre).
         Stopping Monitoring of LVM2 mirrors... dmeventd or progress polling...
[[0;32m  OK  [0m] Stopped Create Static Device Nodes in /dev.
[[0;32m  OK  [0m] Stopped Remount Root and Kernel File Systems.
[[0;32m  OK  [0m] Reached target Shutdown.
[  109.431219] reboot: Restarting system
[    0.000000] Initializing cgroup subsys cpuset
[    0.000000] Initializing cgroup subsys cpu
[    0.000000] Initializing cgroup subsys cpuacct
[    0.000000] Linux version 4.4.0-210-generic (buildd@lgw01-amd64-009) (gcc version 5.4.0 20160609 (Ubuntu 5.4.0-6ubuntu1~16.04.12) ) #242-Ubuntu SMP Fri Apr 16 09:57:56 UTC 2021 (Ubuntu 4.4.0-210.242-generic 4.4.262)
[    0.000000] Command line: BOOT_IMAGE=/boot/vmlinuz-4.4.0-210-generic root=LABEL=cloudimg-rootfs ro console=tty1 console=ttyS0
[    0.000000] KERNEL supported cpus:
[    0.000000]   Intel GenuineIntel
[    0.000000]   AMD AuthenticAMD
[    0.000000]   Centaur CentaurHauls
[    0.000000] x86/fpu: Legacy x87 FPU detected.
[    0.000000] e820: BIOS-provided physical RAM map:
[    0.000000] BIOS-e820: [mem 0x0000000000000000-0x000000000009fbff] usable
[    0.000000] BIOS-e820: [mem 0x000000000009fc00-0x000000000009ffff] reserved
[    0.000000] BIOS-e820: [mem 0x00000000000f0000-0x00000000000fffff] reserved
[    0.000000] BIOS-e820: [mem 0x0000000000100000-0x000000003ffeffff] usable
[    0.000000] BIOS-e820: [mem 0x000000003fff0000-0x000000003fffffff] ACPI data
[    0.000000] BIOS-e820: [mem 0x00000000fec00000-0x00000000fec00fff] reserved
[    0.000000] BIOS-e820: [mem 0x00000000fee00000-0x00000000fee00fff] reserved
[    0.000000] BIOS-e820: [mem 0x00000000fffc0000-0x00000000ffffffff] reserved
[    0.000000] NX (Execute Disable) protection: active
[    0.000000] SMBIOS 2.5 present.
[    0.000000] Hypervisor detected: KVM
[    0.000000] Kernel/User page tables isolation: disabled
[    0.000000] e820: last_pfn = 0x3fff0 max_arch_pfn = 0x400000000
[    0.000000] MTRR: Disabled
[    0.000000] x86/PAT: MTRRs disabled, skipping PAT initialization too.
[    0.000000] CPU MTRRs all blank - virtualized system.
[    0.000000] x86/PAT: Configuration [0-7]: WB  WT  UC- UC  WB  WT  UC- UC  
[    0.000000] found SMP MP-table at [mem 0x0009fff0-0x0009ffff] mapped at [ffff88000009fff0]
[    0.000000] Scanning 1 areas for low memory corruption
[    0.000000] RAMDISK: [mem 0x362dc000-0x37165fff]
[    0.000000] ACPI: Early table checksum verification disabled
[    0.000000] ACPI: RSDP 0x00000000000E0000 000024 (v02 VBOX  )
[    0.000000] ACPI: XSDT 0x000000003FFF0030 00003C (v01 VBOX   VBOXXSDT 00000001 ASL  00000061)
[    0.000000] ACPI: FACP 0x000000003FFF00F0 0000F4 (v04 VBOX   VBOXFACP 00000001 ASL  00000061)
[    0.000000] ACPI: DSDT 0x000000003FFF0610 002353 (v02 VBOX   VBOXBIOS 00000002 INTL 20100528)
[    0.000000] ACPI: FACS 0x000000003FFF0200 000040
[    0.000000] ACPI: FACS 0x000000003FFF0200 000040
[    0.000000] ACPI: APIC 0x000000003FFF0240 000054 (v02 VBOX   VBOXAPIC 00000001 ASL  00000061)
[    0.000000] ACPI: SSDT 0x000000003FFF02A0 00036C (v01 VBOX   VBOXCPUT 00000002 INTL 20100528)
[    0.000000] No NUMA configuration found
[    0.000000] Faking a node at [mem 0x0000000000000000-0x000000003ffeffff]
[    0.000000] NODE_DATA(0) allocated [mem 0x3ffeb000-0x3ffeffff]
[    0.000000] kvm-clock: Using msrs 4b564d01 and 4b564d00
[    0.000000] kvm-clock: cpu 0, msr 0:3ffe3001, primary cpu clock
[    0.000000] kvm-clock: using sched offset of 119031055738 cycles
[    0.000000] clocksource: kvm-clock: mask: 0xffffffffffffffff max_cycles: 0x1cd42e4dffb, max_idle_ns: 881590591483 ns
[    0.000000] Zone ranges:
[    0.000000]   DMA      [mem 0x0000000000001000-0x0000000000ffffff]
[    0.000000]   DMA32    [mem 0x0000000001000000-0x000000003ffeffff]
[    0.000000]   Normal   empty
[    0.000000]   Device   empty
[    0.000000] Movable zone start for each node
[    0.000000] Early memory node ranges
[    0.000000]   node   0: [mem 0x0000000000001000-0x000000000009efff]
[    0.000000]   node   0: [mem 0x0000000000100000-0x000000003ffeffff]
[    0.000000] Initmem setup node 0 [mem 0x0000000000001000-0x000000003ffeffff]
[    0.000000] ACPI: PM-Timer IO Port: 0x4008
[    0.000000] IOAPIC[0]: apic_id 1, version 32, address 0xfec00000, GSI 0-23
[    0.000000] ACPI: INT_SRC_OVR (bus 0 bus_irq 0 global_irq 2 dfl dfl)
[    0.000000] ACPI: INT_SRC_OVR (bus 0 bus_irq 9 global_irq 9 low level)
[    0.000000] Using ACPI (MADT) for SMP configuration information
[    0.000000] smpboot: Allowing 1 CPUs, 0 hotplug CPUs
[    0.000000] PM: Registered nosave memory: [mem 0x00000000-0x00000fff]
[    0.000000] PM: Registered nosave memory: [mem 0x0009f000-0x0009ffff]
[    0.000000] PM: Registered nosave memory: [mem 0x000a0000-0x000effff]
[    0.000000] PM: Registered nosave memory: [mem 0x000f0000-0x000fffff]
[    0.000000] e820: [mem 0x40000000-0xfebfffff] available for PCI devices
[    0.000000] Booting paravirtualized kernel on KVM
[    0.000000] clocksource: refined-jiffies: mask: 0xffffffff max_cycles: 0xffffffff, max_idle_ns: 7645519600211568 ns
[    0.000000] setup_percpu: NR_CPUS:512 nr_cpumask_bits:512 nr_cpu_ids:1 nr_node_ids:1
[    0.000000] PERCPU: Embedded 33 pages/cpu @ffff88003fc00000 s95192 r8192 d31784 u2097152
[    0.000000] Built 1 zonelists in Node order, mobility grouping on.  Total pages: 257912
[    0.000000] Policy zone: DMA32
[    0.000000] Kernel command line: BOOT_IMAGE=/boot/vmlinuz-4.4.0-210-generic root=LABEL=cloudimg-rootfs ro console=tty1 console=ttyS0
[    0.000000] PID hash table entries: 4096 (order: 3, 32768 bytes)
[    0.000000] Memory: 997924K/1048120K available (8644K kernel code, 1332K rwdata, 4044K rodata, 1492K init, 1164K bss, 50196K reserved, 0K cma-reserved)
[    0.000000] SLUB: HWalign=64, Order=0-3, MinObjects=0, CPUs=1, Nodes=1
[    0.000000] Hierarchical RCU implementation.
[    0.000000] 	Build-time adjustment of leaf fanout to 64.
[    0.000000] 	RCU restricting CPUs from NR_CPUS=512 to nr_cpu_ids=1.
[    0.000000] RCU: Adjusting geometry for rcu_fanout_leaf=64, nr_cpu_ids=1
[    0.000000] NR_IRQS:33024 nr_irqs:256 16
[    0.000000] Console: colour VGA+ 80x25
[    0.000000] console [tty1] enabled
[    0.000000] console [ttyS0] enabled
[    0.000000] tsc: Detected 2688.000 MHz processor
[    1.924441] Calibrating delay loop (skipped) preset value.. 5376.00 BogoMIPS (lpj=10752000)
[    1.963199] pid_max: default: 32768 minimum: 301
[    1.981825] ACPI: Core revision 20150930
[    1.997303] ACPI: 2 ACPI AML tables successfully acquired and loaded
[    2.025999] Security Framework initialized
[    2.041733] Yama: becoming mindful.
[    2.056572] AppArmor: AppArmor initialized
[    2.077653] Dentry cache hash table entries: 131072 (order: 8, 1048576 bytes)
[    2.107784] Inode-cache hash table entries: 65536 (order: 7, 524288 bytes)
[    2.135200] Mount-cache hash table entries: 2048 (order: 2, 16384 bytes)
[    2.161056] Mountpoint-cache hash table entries: 2048 (order: 2, 16384 bytes)
[    2.190724] Initializing cgroup subsys io
[    2.206568] Initializing cgroup subsys memory
[    2.224183] Initializing cgroup subsys devices
[    2.243161] Initializing cgroup subsys freezer
[    2.261526] Initializing cgroup subsys net_cls
[    2.279117] Initializing cgroup subsys perf_event
[    2.298564] Initializing cgroup subsys net_prio
[    2.316652] Initializing cgroup subsys hugetlb
[    2.333786] Initializing cgroup subsys pids
[    2.359964] mce: CPU supports 0 MCE banks
[    2.374962] Last level iTLB entries: 4KB 0, 2MB 0, 4MB 0
[    2.395260] Last level dTLB entries: 4KB 0, 2MB 0, 4MB 0, 1GB 0
[    2.419229] Spectre V1 : Mitigation: usercopy/swapgs barriers and __user pointer sanitization
[    2.454049] Spectre V2 : Mitigation: Enhanced IBRS
[    2.473661] Spectre V2 : Spectre v2 / SpectreRSB mitigation: Filling RSB on context switch
[    2.506617] Speculative Store Bypass: Vulnerable
[    3.572103] Freeing SMP alternatives memory: 36K
[    4.034649] ftrace: allocating 32380 entries in 127 pages
[    7.045989] smpboot: APIC(0) Converting physical 0 to logical package 0
[    7.072304] smpboot: Max logical packages: 1
[    7.136296] ..TIMER: vector=0x30 apic1=0 pin1=2 apic2=-1 pin2=-1
[    7.267547] smpboot: CPU0: 12th Gen Intel(R) Core(TM) i7-12700H (family: 0x6, model: 0x9a, stepping: 0x3)
[    7.303254] Performance Events: unsupported p6 CPU model 154 no PMU driver, software events only.
[    7.783117] KVM setup paravirtual spinlock
[    7.797800] x86: Booted up 1 node, 1 CPUs
[    7.811694] smpboot: Total of 1 processors activated (5376.00 BogoMIPS)
[    7.841327] devtmpfs: initialized
[    7.855804] evm: security.selinux
[    7.867636] evm: security.SMACK64
[    7.878479] evm: security.SMACK64EXEC
[    7.891749] evm: security.SMACK64TRANSMUTE
[    7.904921] evm: security.SMACK64MMAP
[    7.916853] evm: security.ima
[    7.927119] evm: security.capability
[    7.940238] clocksource: jiffies: mask: 0xffffffff max_cycles: 0xffffffff, max_idle_ns: 7645041785100000 ns
[    7.973753] futex hash table entries: 256 (order: 2, 16384 bytes)
[    7.987219] pinctrl core: initialized pinctrl subsystem
[    8.000376] RTC time: 15:03:33, date: 07/13/24
[    8.010783] NET: Registered protocol family 16
[    8.027734] cpuidle: using governor ladder
[    8.042636] cpuidle: using governor menu
[    8.056760] PCCT header not found.
[    8.068506] ACPI: bus type PCI registered
[    8.083532] acpiphp: ACPI Hot Plug PCI Controller Driver version: 0.5
[    8.109316] PCI: Using configuration type 1 for base access
[    8.131629] ACPI: Added _OSI(Module Device)
[    8.145882] ACPI: Added _OSI(Processor Device)
[    8.161548] ACPI: Added _OSI(3.0 _SCP Extensions)
[    8.176875] ACPI: Added _OSI(Processor Aggregator Device)
[    8.199200] ACPI: Executed 1 blocks of module-level executable AML code
[    8.231517] ACPI: Interpreter enabled
[    8.245018] ACPI: (supports S0 S5)
[    8.256418] ACPI: Using IOAPIC for interrupt routing
[    8.273877] PCI: Using host bridge windows from ACPI; if necessary, use "pci=nocrs" and report a bug
[    8.326179] ACPI: PCI Root Bridge [PCI0] (domain 0000 [bus 00-ff])
[    8.347031] acpi PNP0A03:00: _OSC: OS supports [ASPM ClockPM Segments MSI]
[    8.370589] acpi PNP0A03:00: _OSC: not requesting OS control; OS requires [ExtendedConfig ASPM ClockPM MSI]
[    8.401011] acpi PNP0A03:00: fail to add MMCONFIG information, can't access extended PCI configuration space under this bridge.
[    8.439069] PCI host bridge to bus 0000:00
[    8.453202] pci_bus 0000:00: root bus resource [io  0x0000-0x0cf7 window]
[    8.475447] pci_bus 0000:00: root bus resource [io  0x0d00-0xffff window]
[    8.497233] pci_bus 0000:00: root bus resource [mem 0x000a0000-0x000bffff window]
[    8.522174] pci_bus 0000:00: root bus resource [mem 0x40000000-0xfdffffff window]
[    8.546268] pci_bus 0000:00: root bus resource [bus 00-ff]
[    8.588971] pci 0000:00:01.1: legacy IDE quirk: reg 0x10: [io  0x01f0-0x01f7]
[    8.610263] pci 0000:00:01.1: legacy IDE quirk: reg 0x14: [io  0x03f6]
[    8.637598] pci 0000:00:01.1: legacy IDE quirk: reg 0x18: [io  0x0170-0x0177]
[    8.660395] pci 0000:00:01.1: legacy IDE quirk: reg 0x1c: [io  0x0376]
[    8.748141] pci 0000:00:07.0: quirk: [io  0x4000-0x403f] claimed by PIIX4 ACPI
[    8.771631] pci 0000:00:07.0: quirk: [io  0x4100-0x410f] claimed by PIIX4 SMB
[    8.831976] ACPI: PCI Interrupt Link [LNKA] (IRQs 5 9 10 *11)
[    8.860033] ACPI: PCI Interrupt Link [LNKB] (IRQs 5 9 *10 11)
[    8.885505] ACPI: PCI Interrupt Link [LNKC] (IRQs 5 *9 10 11)
[    8.912276] ACPI: PCI Interrupt Link [LNKD] (IRQs 5 9 10 *11)
[    8.937884] ACPI: Enabled 2 GPEs in block 00 to 07
[    8.956078] vgaarb: setting as boot device: PCI:0000:00:02.0
[    8.974376] vgaarb: device added: PCI:0000:00:02.0,decodes=io+mem,owns=io+mem,locks=none
[    9.066858] vgaarb: loaded
[    9.077034] vgaarb: bridge control possible 0000:00:02.0
[    9.095346] SCSI subsystem initialized
[    9.108912] ACPI: bus type USB registered
[    9.124348] usbcore: registered new interface driver usbfs
[    9.142606] usbcore: registered new interface driver hub
[    9.159975] usbcore: registered new device driver usb
[    9.177126] PCI: Using ACPI for IRQ routing
[    9.194499] NetLabel: Initializing
[    9.206209] NetLabel:  domain hash size = 128
[    9.220243] NetLabel:  protocols = UNLABELED CIPSOv4
[    9.236960] NetLabel:  unlabeled traffic allowed by default
[    9.256753] amd_nb: Cannot enumerate AMD northbridges
[    9.273500] clocksource: Switched to clocksource kvm-clock
[    9.298945] AppArmor: AppArmor Filesystem Enabled
[    9.315159] pnp: PnP ACPI init
[    9.332077] pnp: PnP ACPI: found 3 devices
[    9.355143] clocksource: acpi_pm: mask: 0xffffff max_cycles: 0xffffff, max_idle_ns: 2085701024 ns
[    9.384374] NET: Registered protocol family 2
[    9.399370] TCP established hash table entries: 8192 (order: 4, 65536 bytes)
[    9.421920] TCP bind hash table entries: 8192 (order: 5, 131072 bytes)
[    9.443032] TCP: Hash tables configured (established 8192 bind 8192)
[    9.463879] UDP hash table entries: 512 (order: 2, 16384 bytes)
[    9.483333] UDP-Lite hash table entries: 512 (order: 2, 16384 bytes)
[    9.504091] NET: Registered protocol family 1
[    9.519385] pci 0000:00:00.0: Limiting direct PCI/PCI transfers
[    9.538910] pci 0000:00:01.0: Activating ISA DMA hang workarounds
[    9.559837] Unpacking initramfs...
[   10.061204] Freeing initrd memory: 14888K
[   10.077796] clocksource: tsc: mask: 0xffffffffffffffff max_cycles: 0x26bef67878b, max_idle_ns: 440795293631 ns
[   10.110667] platform rtc_cmos: registered platform RTC device (no PNP device found)
[   10.136607] Scanning for low memory corruption every 60 seconds
[   10.157164] audit: initializing netlink subsys (disabled)
[   10.174912] audit: type=2000 audit(1720883129.704:1): initialized
[   10.195173] Initialise system trusted keyring
[   10.210177] HugeTLB registered 2 MB page size, pre-allocated 0 pages
[   10.233109] zbud: loaded
[   10.242359] VFS: Disk quotas dquot_6.6.0
[   10.257031] VFS: Dquot-cache hash table entries: 512 (order 0, 4096 bytes)
[   10.279386] squashfs: version 4.0 (2009/01/31) Phillip Lougher
[   10.298751] fuse init (API version 7.23)
[   10.312187] Key type big_key registered
[   10.325090] Allocating IMA MOK and blacklist keyrings.
[   10.342599] Key type asymmetric registered
[   10.356532] Asymmetric key parser 'x509' registered
[   10.372115] Block layer SCSI generic (bsg) driver version 0.4 loaded (major 249)
[   10.396473] io scheduler noop registered
[   10.410244] io scheduler deadline registered (default)
[   10.426800] io scheduler cfq registered
[   10.440165] pci_hotplug: PCI Hot Plug PCI Core version: 0.5
[   10.457898] pciehp: PCI Express Hot Plug Controller Driver version: 0.4
[   10.480378] ACPI: AC Adapter [AC] (on-line)
[   10.494839] input: Power Button as /devices/LNXSYSTM:00/LNXPWRBN:00/input/input0
[   10.519452] ACPI: Power Button [PWRF]
[   10.532397] input: Sleep Button as /devices/LNXSYSTM:00/LNXSLPBN:00/input/input1
[   10.556429] ACPI: Sleep Button [SLPF]
[   10.574041] GHES: HEST is not enabled!
[   10.587752] ACPI: Battery Slot [BAT0] (battery present)
[   10.606122] Serial: 8250/16550 driver, 32 ports, IRQ sharing enabled
[   10.692173] 00:02: ttyS0 at I/O 0x3f8 (irq = 4, base_baud = 115200) is a 16550A
[   10.720099] Linux agpgart interface v0.103
[   10.736359] loop: module loaded
[   10.752511] scsi host0: ata_piix
[   10.763537] scsi host1: ata_piix
[   10.774830] ata1: PATA max UDMA/33 cmd 0x1f0 ctl 0x3f6 bmdma 0xd000 irq 14
[   10.796953] ata2: PATA max UDMA/33 cmd 0x170 ctl 0x376 bmdma 0xd008 irq 15
[   10.826059] libphy: Fixed MDIO Bus: probed
[   10.839936] tun: Universal TUN/TAP device driver, 1.6
[   10.856737] tun: (C) 1999-2004 Max Krasnyansky <maxk@qualcomm.com>
[   10.877648] PPP generic driver version 2.4.2
[   10.891895] ehci_hcd: USB 2.0 'Enhanced' Host Controller (EHCI) Driver
[   10.912386] ehci-pci: EHCI PCI platform driver
[   10.927060] ehci-platform: EHCI generic platform driver
[   10.944510] ohci_hcd: USB 1.1 'Open' Host Controller (OHCI) Driver
[   10.964449] ohci-pci: OHCI PCI platform driver
[   11.126905] ohci-platform: OHCI generic platform driver
[   11.144727] uhci_hcd: USB Universal Host Controller Interface driver
[   11.167170] i8042: PNP: PS/2 Controller [PNP0303:PS2K,PNP0f03:PS2M] at 0x60,0x64 irq 1,12
[   11.206155] serio: i8042 KBD port at 0x60,0x64 irq 1
[   11.222846] serio: i8042 AUX port at 0x60,0x64 irq 12
[   11.239708] mousedev: PS/2 mouse device common for all mice
[   11.267883] input: AT Translated Set 2 keyboard as /devices/platform/i8042/serio0/input/input2
[   11.296696] rtc_cmos rtc_cmos: rtc core: registered rtc_cmos as rtc0
[   11.319444] rtc_cmos rtc_cmos: alarms up to one day, 114 bytes nvram
[   11.341466] i2c /dev entries driver
[   11.356277] device-mapper: uevent: version 1.0.3
[   11.372182] device-mapper: ioctl: 4.34.0-ioctl (2015-10-28) initialised: dm-devel@redhat.com
[   11.400069] ledtrig-cpu: registered to indicate activity on CPUs
[   11.419504] NET: Registered protocol family 10
[   11.434991] NET: Registered protocol family 17
[   11.451628] Key type dns_resolver registered
[   11.467547] registered taskstats version 1
[   11.481903] Loading compiled-in X.509 certificates
[   11.500373] Loaded X.509 cert 'Build time autogenerated kernel key: cf00e047681d67edb2720680708b7d9498083038'
[   11.535260] zswap: loaded using pool lzo/zbud
[   11.557715] Key type trusted registered
[   11.585016] Key type encrypted registered
[   11.600084] AppArmor: AppArmor sha1 policy hashing enabled
[   11.618517] ima: No TPM chip found, activating TPM-bypass!
[   11.636752] ima: Allocated hash algorithm: sha1
[   11.652232] evm: HMAC attrs: 0x1
[   11.666172]   Magic number: 0:88:83
[   11.680011] rtc_cmos rtc_cmos: setting system clock to 2024-07-13 15:03:36 UTC (1720883016)
[   11.708956] BIOS EDD facility v0.16 2004-Jun-25, 0 devices found
[   11.728298] EDD information not available.
[   11.748726] Freeing unused kernel memory: 1492K
[   11.764072] Write protecting the kernel read-only data: 14336k
[   11.783735] Freeing unused kernel memory: 1584K
[   11.800125] Freeing unused kernel memory: 52K
Loading, please wait...
starting version 229
[   11.869239] random: udevadm: uninitialized urandom read (16 bytes read, 14 bits of entropy available)
[   11.900793] random: systemd-udevd: uninitialized urandom read (16 bytes read, 14 bits of entropy available)
[   11.932821] random: systemd-udevd: uninitialized urandom read (16 bytes read, 14 bits of entropy available)
[   11.964636] random: udevadm: uninitialized urandom read (16 bytes read, 14 bits of entropy available)
[   11.994974] random: systemd-udevd: uninitialized urandom read (16 bytes read, 14 bits of entropy available)
[   12.047352] random: udevadm: uninitialized urandom read (16 bytes read, 14 bits of entropy available)
[   12.077656] random: systemd-udevd: uninitialized urandom read (16 bytes read, 14 bits of entropy available)
[   12.111415] random: udevadm: uninitialized urandom read (16 bytes read, 14 bits of entropy available)
[   12.142924] random: systemd-udevd: uninitialized urandom read (16 bytes read, 14 bits of entropy available)
[   12.175099] random: udevadm: uninitialized urandom read (16 bytes read, 14 bits of entropy available)
[   12.463667] Fusion MPT base driver 3.04.20
[   12.477658] Copyright (c) 1999-2008 LSI Corporation
[   12.581655] e1000: Intel(R) PRO/1000 Network Driver - version 7.3.21-k8-NAPI
[   12.607358] e1000: Copyright (c) 1999-2006 Intel Corporation.
[   12.669892] SSE version of gcm_enc/dec engaged.
[   12.727942] Fusion MPT SPI Host driver 3.04.20
[   13.041412] input: ImExPS/2 Generic Explorer Mouse as /devices/platform/i8042/serio1/input/input4
[   14.402633] e1000 0000:00:03.0 eth0: (PCI:33MHz:32-bit) 02:be:82:6b:cc:1d
[   14.423817] e1000 0000:00:03.0 eth0: Intel(R) PRO/1000 Network Connection
[   14.448698] mptbase: ioc0: Initiating bringup
[   14.551549] ioc0: LSI53C1030 A0: Capabilities={Initiator}
[   14.791493] scsi host2: ioc0: LSI53C1030 A0, FwRev=00000000h, Ports=1, MaxQ=256, IRQ=20
[   14.935014] scsi 2:0:0:0: Direct-Access     VBOX     HARDDISK         1.0  PQ: 0 ANSI: 5
[   14.967598] scsi target2:0:0: Beginning Domain Validation
[   15.093140] scsi target2:0:0: Domain Validation skipping write tests
[   15.114283] scsi target2:0:0: Ending Domain Validation
[   15.175168] scsi target2:0:0: asynchronous
[   15.279816] scsi 2:0:1:0: Direct-Access     VBOX     HARDDISK         1.0  PQ: 0 ANSI: 5
[   15.346982] scsi target2:0:1: Beginning Domain Validation
[   15.570421] scsi target2:0:1: Domain Validation skipping write tests
[   15.590676] scsi target2:0:1: Ending Domain Validation
[   15.650871] scsi target2:0:1: asynchronous
[   16.032496] sd 2:0:0:0: Attached scsi generic sg0 type 0
[   16.052691] sd 2:0:0:0: [sda] 83886080 512-byte logical blocks: (42.9 GB/40.0 GiB)
[   16.103360] sd 2:0:1:0: [sdb] 20480 512-byte logical blocks: (10.5 MB/10.0 MiB)
[   16.128937] sd 2:0:1:0: Attached scsi generic sg1 type 0
[   16.152359] sd 2:0:0:0: [sda] Write Protect is off
[   16.193070] sd 2:0:1:0: [sdb] Write Protect is off
[   16.210364] sd 2:0:0:0: [sda] Incomplete mode parameter data
[   16.228957] sd 2:0:0:0: [sda] Assuming drive cache: write through
[   16.272454] sd 2:0:1:0: [sdb] Incomplete mode parameter data
[   16.291420] sd 2:0:1:0: [sdb] Assuming drive cache: write through
[   16.384278]  sda: sda1
[   16.443544] sd 2:0:0:0: [sda] Attached SCSI disk
[   16.458842] sd 2:0:1:0: [sdb] Attached SCSI disk
[   17.158672] e1000 0000:00:08.0 eth1: (PCI:33MHz:32-bit) 08:00:27:55:a5:42
[   17.181084] e1000 0000:00:08.0 eth1: Intel(R) PRO/1000 Network Connection
[   17.207009] e1000 0000:00:08.0 enp0s8: renamed from eth1
[   17.228890] e1000 0000:00:03.0 enp0s3: renamed from eth0
Begin: Loading essential drivers ... [   19.838786] md: linear personality registered for level -1
[   19.867899] md: multipath personality registered for level -4
[   19.895282] md: raid0 personality registered for level 0
[   19.951199] md: raid1 personality registered for level 1
[   20.050324] raid6: sse2x1   gen()  4549 MB/s
[   20.137946] raid6: sse2x1   xor()  2591 MB/s
[   20.226021] raid6: sse2x2   gen()  5591 MB/s
[   20.309784] raid6: sse2x2   xor()  3395 MB/s
[   20.405852] raid6: sse2x4   gen()  7026 MB/s
[   20.486068] raid6: sse2x4   xor()  4751 MB/s
[   20.504371] raid6: using algorithm sse2x4 gen() 7026 MB/s
[   20.520455] raid6: .... xor() 4751 MB/s, rmw enabled
[   20.536671] raid6: using ssse3x2 recovery algorithm
[   20.554805] xor: measuring software checksum speed
[   20.666034]    prefetch64-sse: 18113.000 MB/sec
[   20.793605]    generic_sse: 17087.000 MB/sec
[   20.805645] xor: using function: prefetch64-sse (18113.000 MB/sec)
[   20.828177] async_tx: api initialized (async)
[   20.959050] md: raid6 personality registered for level 6
[   20.972947] md: raid5 personality registered for level 5
[   20.986079] md: raid4 personality registered for level 4
[   21.036215] md: raid10 personality registered for level 10
done.
Begin: Running /scripts/init-premount ... done.
Begin: Mounting root file system ... Begin: Running /scripts/local-top ... done.
Begin: Running /scripts/local-premount ... [   21.363276] Btrfs loaded
Scanning for Btrfs filesystems
done.
Warning: fsck not present, so skipping root file system
[   21.506779] EXT4-fs (sda1): mounted filesystem with ordered data mode. Opts: (null)
done.
Begin: Running /scripts/local-bottom ... done.
Begin: Running /scripts/init-bottom ... done.
[   21.701381] random: nonblocking pool is initialized
[   22.044772] systemd[1]: systemd 229 running in system mode. (+PAM +AUDIT +SELINUX +IMA +APPARMOR +SMACK +SYSVINIT +UTMP +LIBCRYPTSETUP +GCRYPT +GNUTLS +ACL +XZ -LZ4 +SECCOMP +BLKID +ELFUTILS +KMOD -IDN)
[   22.098512] systemd[1]: Detected virtualization oracle.
[   22.116643] systemd[1]: Detected architecture x86-64.

Welcome to [1mUbuntu 16.04.7 LTS[0m!

[   22.168974] systemd[1]: Set hostname to <k8s-master-lb>.
[   22.856527] systemd[1]: Listening on Journal Audit Socket.
[[0;32m  OK  [0m] Listening on Journal Audit Socket.
[   22.899047] systemd[1]: Reached target Swap.
[[0;32m  OK  [0m] Reached target Swap.
[   22.932224] systemd[1]: Listening on LVM2 poll daemon socket.
[[0;32m  OK  [0m] Listening on LVM2 poll daemon socket.
[   22.973217] systemd[1]: Listening on Device-mapper event daemon FIFOs.
[[0;32m  OK  [0m] Listening on Device-mapper event daemon FIFOs.
[   23.016548] systemd[1]: Reached target Encrypted Volumes.
[[0;32m  OK  [0m] Reached target Encrypted Volumes.
[   23.056092] systemd[1]: Reached target System Time Synchronized.
[[0;32m  OK  [0m] Reached target System Time Synchronized.
[   23.097588] systemd[1]: Listening on Journal Socket (/dev/log).
[[0;32m  OK  [0m] Listening on Journal Socket (/dev/log).
[   23.143497] systemd[1]: Listening on LVM2 metadata daemon socket.
[[0;32m  OK  [0m] Listening on LVM2 metadata daemon socket.
[   23.184102] systemd[1]: Started Forward Password Requests to Wall Directory Watch.
[[0;32m  OK  [0m] Started Forward Password Requests to Wall Directory Watch.
[   23.231948] systemd[1]: Started Trigger resolvconf update for networkd DNS.
[[0;32m  OK  [0m] Started Trigger resolvconf update for networkd DNS.
[   23.275149] systemd[1]: Listening on fsck to fsckd communication Socket.
[[0;32m  OK  [0m] Listening on fsck to fsckd communication Socket.
[   23.323283] systemd[1]: Listening on udev Kernel Socket.
[[0;32m  OK  [0m] Listening on udev Kernel Socket.
[   23.362725] systemd[1]: Set up automount Arbitrary Executable File Formats File System Automount Point.
[[0;32m  OK  [0m] Set up automount Arbitrary Executab...ats File System Automount Point.
[   23.409327] systemd[1]: Listening on /dev/initctl Compatibility Named Pipe.
[[0;32m  OK  [0m] Listening on /dev/initctl Compatibility Named Pipe.
[   23.459101] systemd[1]: Listening on udev Control Socket.
[[0;32m  OK  [0m] Listening on udev Control Socket.
[   23.491946] systemd[1]: Created slice User and Session Slice.
[[0;32m  OK  [0m] Created slice User and Session Slice.
[   23.530330] systemd[1]: Reached target User and Group Name Lookups.
[[0;32m  OK  [0m] Reached target User and Group Name Lookups.
[   23.573593] systemd[1]: Listening on Journal Socket.
[[0;32m  OK  [0m] Listening on Journal Socket.
[   23.609141] systemd[1]: Listening on Syslog Socket.
[[0;32m  OK  [0m] Listening on Syslog Socket.
[   23.645719] systemd[1]: Created slice System Slice.
[[0;32m  OK  [0m] Created slice System Slice.
[   23.682603] systemd[1]: Created slice system-serial\x2dgetty.slice.
[[0;32m  OK  [0m] Created slice system-serial\x2dgetty.slice.
[   23.727432] systemd[1]: Starting Journal Service...
         Starting Journal Service...
[   23.783952] systemd[1]: Starting Uncomplicated firewall...
         Starting Uncomplicated firewall...
[   23.851391] systemd[1]: Starting Nameserver information manager...
         Starting Nameserver information manager...
[   23.915570] systemd[1]: Mounting POSIX Message Queue File System...
         Mounting POSIX Message Queue File System...
[   23.972786] systemd[1]: Starting Set console keymap...
         Starting Set console keymap...
[   24.033303] systemd[1]: Starting File System Check on Root Device...
         Starting File System Check on Root Device...
[   24.111925] systemd[1]: Mounting Debug File System...
         Mounting Debug File System...
[   24.196088] systemd[1]: Mounting Huge Pages File System...
         Mounting Huge Pages File System...
[   24.280615] systemd[1]: Starting Create list of required static device nodes for the current kernel...
         Starting Create list of required st... nodes for the current kernel...
[   24.395939] systemd[1]: Starting Monitoring of LVM2 mirrors, snapshots etc. using dmeventd or progress polling...
         Starting Monitoring of LVM2 mirrors... dmeventd or progress polling...
[   24.484647] systemd[1]: Starting Load Kernel Modules...
         Starting Load Kernel Modules...
[   24.546742] systemd[1]: Reached target Slices.
[[0;32m  OK  [0m] Reached target Slices.
[   24.626400] systemd[1]: Mounted Huge Pages File System.
[   24.651164] Loading iSCSI transport class v2.0-870.
[[0;32m  OK  [0m] Mounted Huge Pages File System.
[   24.688717] systemd[1]: Mounted POSIX Message Queue File System.
[[0;32m  OK  [0m] Mounted POSIX Message Queue File System.[   24.748173] iscsi: registered transport (tcp)

[   24.767681] systemd[1]: Mounted Debug File System.
[[0;32m  OK  [0m] Mounted Debug File System.
[   24.839138] systemd[1]: Started Journal Service.
[[0;32m  OK  [0m] Started Journal Service.
[[0;32m  OK  [0m] Started Uncomplicated firewall.
[[0;32m  OK  [0m] Started Set console keymap.
[[0;32m  OK  [0m] Started File System Check on Root Device.
[[0;32m  OK  [0m] Started Create list of required sta...ce nodes for the current kernel.[   25.095059] iscsi: registered transport (iser)

[[0;32m  OK  [0m] Started Nameserver information manager.
[[0;32m  OK  [0m] Started Load Kernel Modules.
[[0;32m  OK  [0m] Started LVM2 metadata daemon.
[[0;32m  OK  [0m] Started File System Check Daemon to report status.
         Starting Apply Kernel Variables...
         Mounting FUSE Control File System...
         Starting Create Static Device Nodes in /dev...
         Starting Remount Root and Kernel File Systems...
[[0;32m  OK  [0m] Mounted FUSE Control File System.
[[0;32m  OK  [0m] Started Apply Kernel Variables.
[[0;32m  OK  [0m] Started Create Static Device Nodes in /dev.
[[0;32m  OK  [0m] Started Remount Root and Kernel File Systems.
         Starting udev Coldplug all Devices...
         Starting Load/Save Random Seed...
         Starting Flush Journal to Persistent Storage...
         Starting udev Kernel Device Manager...
[[0;32m  OK  [0m] Started Monitoring of LVM2 mirrors,...ng dmeventd or progress polling.
[[0;32m  OK  [0m] Started Load/Save Random Seed.
[[0;32m  OK  [0m] Reached target Local File Systems (Pre).
[[0;32m  OK  [0m] Reached target Local File Systems.
         Starting Initial cloud-init job (pre-networking)...
         Starting Set console font and keymap...
         Starting LSB: AppArmor initialization...
         Starting Tell Plymouth To Write Out Runtime Data...
[[0;32m  OK  [0m] Started udev Kernel Device Manager.
[[0;32m  OK  [0m] Started udev Coldplug all Devices.
[[0;32m  OK  [0m] Started Tell Plymouth To Write Out Runtime Data.
[[0;32m  OK  [0m] Started Dispatch Password Requests to Console Directory Watch.
[[0;32m  OK  [0m] Started Flush Journal to Persistent Storage.
         Starting Create Volatile Files and Directories...
[[0;32m  OK  [0m] Started Create Volatile Files and Directories.
         Starting Update UTMP about System Boot/Shutdown...
[[0;32m  OK  [0m] Started Update UTMP about System Boot/Shutdown.
[[0;32m  OK  [0m] Started LSB: AppArmor initialization.
         Starting Load AppArmor profiles managed internally by snapd...
[[0;32m  OK  [0m] Started Load AppArmor profiles managed internally by snapd.
[[0;32m  OK  [0m] Found device /dev/ttyS0.
[[0;32m  OK  [0m] Listening on Load/Save RF Kill Switch Status /dev/rfkill Watch.
[[0;32m  OK  [0m] Found device 82540EM Gigabit Ethern...r (PRO/1000 MT Desktop Adapter).
[[0;32m  OK  [0m] [   25.170014] Started Initial cloud-init job (pre-networking).
[[0;32m  OK  [0mcloud-init] Reached target Network (Pre).
[513]: Cloud-init v. 21.1-19-gbad84ad4-0ubuntu1~16.04.2 running 'init-local' at Sat, 13 Jul 2024 15:03:55 +0000. Up 24.01 seconds.
[[0;32m  OK  [0m] Started ifup for enp0s3.
         Starting Raise network interfaces...
[[0;32m  OK  [0m] Started ifup for enp0s8.
[[0;32m  OK  [0m] Found device 82540EM Gigabit Ethern...r (PRO/1000 MT Desktop Adapter).
[[0;32m  OK  [0m] Started Set console font and keymap.
[[0;32m  OK  [0m] Created slice system-getty.slice.
[[0;32m  OK  [0m] Started Raise network interfaces.
         Starting Initial cloud-init job (metadata service crawler)...
[[0;32m  OK  [0m] Reached target Network.
[   31.316266] cloud-init[1115]: Cloud-init v. 21.1-19-gbad84ad4-0ubuntu1~16.04.2 running 'init' at Sat, 13 Jul 2024 15:04:01 +0000. Up 30.64 seconds.
[   31.378282] cloud-init[1115]: ci-info: ++++++++++++++++++++++++++++++++++++++Net device info+++++++++++++++++++++++++++++++++++++++
[   31.441682] cloud-init[1115]: ci-info: +--------+------+-----------------------------+---------------+--------+-------------------+[[0;32m  OK  [0m
[   31.500437] ] Started Initial cloud-init job (metadata service crawler).cloud-init[1115]: 
ci-info: | Device |  Up  |           Address           |      Mask     | Scope  |     Hw-Address    |[[0;32m  OK  [0m] Reached target Cloud-config availability.
[   31.552005] 
cloud-init[[0;32m  OK  [0m[1115]: ci-info: +--------+------+-----------------------------+---------------+--------+-------------------+] Reached target Network is Online.
         
[   31.596062] Starting iSCSI initiator daemon (iscsid)...cloud-init
[1115]: [[0;32m  OK  [0m] Reached target System Initialization.ci-info: | enp0s3 | True |          10.0.2.15          | 255.255.255.0 | global | 02:be:82:6b:cc:1d |
[[0;32m  OK  [0m] 
Started Message of the Day.[   31.679191] cloud-init[1115]: 
         Starting Socket activation for snappy daemon.ci-info: | enp0s3 | True |  fe80::be:82ff:fe6b:cc1d/64 |       .       |  link  | 02:be:82:6b:cc:1d |
[[0;32m  OK  [0m
] Started Daily apt download activities.[   31.748006] cloud-init
[1115]: ci-info: | enp0s8 | True |         192.168.2.5         | 255.255.255.0 | global | 08:00:27:55:a5:42 |[[0;32m  OK  [0m] Started Ubuntu Advantage update messaging.
[   31.785652] 
[cloud-init[1115]: [0;32m  OK  [0m] Started Daily Cleanup of Temporary Directories.ci-info: | enp0s8 | True | fe80::a00:27ff:fe55:a542/64 |       .       |  link  | 08:00:27:55:a5:42 |
[
[   31.826937] [0;32m  OK  [0mcloud-init[1115]: ] Listening on UUID daemon activation socket.ci-info: |   lo   | True |          127.0.0.1          |   255.0.0.0   |  host  |         .         |

[   31.869365]          cloud-initStarting LXD - unix socket.
[1115]: ci-info: |   lo   | True |           ::1/128           |       .       |  host  |         .         |[[0;32m  OK  [0m] Listening on D-Bus System Message Bus Socket.
[   31.926512] 
cloud-init[[0;32m  OK  [0m[1115]: ci-info: +--------+------+-----------------------------+---------------+--------+-------------------+] Started ACPI Events Check.
[[0;32m  OK  [0m
[   31.973255] ] Reached target Paths.cloud-init[1115]: ci-info: +++++++++++++++++++++++++++Route IPv4 info++++++++++++++++++++++++++++
[[0;32m  OK  [0m] Started Daily apt upgrade and clean activities.
[   32.016747] cloud-init
[1115]: ci-info: +-------+-------------+----------+---------------+-----------+-------+[[0;32m  OK  [0m] Reached target Timers.

[   32.053364] [[0;32m  OK  [0m] Listening on ACPID Listen Socket.cloud-init[1115]: ci-info: | Route | Destination | Gateway  |    Genmask    | Interface | Flags |
[[0;32m  OK  [0m
] Listening on Socket activation for snappy daemon.[   32.125125] cloud-init
[[0;32m  OK  [0m[1115]: ] ci-info: +-------+-------------+----------+---------------+-----------+-------+Listening on LXD - unix socket.
[[0;32m  OK  [0m
] Started iSCSI initiator daemon (iscsid).[   32.187325] 
cloud-init[1115]:          ci-info: |   0   |   0.0.0.0   | 10.0.2.2 |    0.0.0.0    |   enp0s3  |   UG  |Starting Login to default iSCSI targets...
[[0;32m  OK  [0m
] Reached target Sockets.[   32.260798] cloud-init[1115]: ci-info: |   1   |   10.0.2.0  | 0.0.0.0  | 255.255.255.0 |   enp0s3  |   U   |
[[0;32m  OK  [0m] Reached target Basic System.
[   32.300957] cloud-init
[1115]:          ci-info: |   2   | 192.168.2.0 | 0.0.0.0  | 255.255.255.0 |   enp0s8  |   U   |Starting LXD - container startup/shutdown...

         Starting Login Service...[   32.379679] 
         cloud-initStarting Accounts Service...
[[1115]: ci-info: +-------+-------------+----------+---------------+-----------+-------+[0;32m  OK  [0m] Started D-Bus System Message Bus.

[   32.509927] cloud-init[1115]: ci-info: +++++++++++++++++++Route IPv6 info+++++++++++++++++++
[[0;32m  OK  [0m] Started FUSE filesystem for LXC.
         [   32.618306] cloud-initStarting System Logging Service...
[[0;32m  OK  [0m] Started ACPI event daemon.[1115]: 
         Starting A high performance web server and a reverse proxy server...
ci-info: +-------+-------------+---------+-----------+-------+         Starting LSB: Record successful boot for GRUB...
         Starting /etc/rc.local Compatibility...
         Starting LSB: MD monitoring daemon...
         Starting Snap Daemon...
[[0;32m  OK  [0m] Started Deferred execution scheduler.
         Starting Virtualbox guest utils...
         Starting OpenBSD Secure Shell server...

[[0;32m  OK  [0m] Started Regular background program processing daemon.
[[0;32m  OK  [0m] Started System Logging Service.[   33.086540] 
[[0;32m  OK  [0m] Started /etc/rc.local Compatibility.
[[0;32m  OK  [0m] Started Login Service.
[cloud-init[0;32m  OK  [0m] Started Unattended Upgrades Shutdown.
         Starting Authenticate and Authorize Users to Run Privileged Tasks...
[1115]: [[0;32m  OK  [0m] Started Login to default iSCSI targets.ci-info: | Route | Destination | Gateway | Interface | Flags |
[[0;32m  OK  [0m] Reached target Remote File Systems (Pre).
         Mounting /vagrant...

[[   33.596762] cloud-init[0;1;31mFAILED[0m] Failed to mount /vagrant.
See 'systemctl status vagrant.mount' for details.
[[0;1;33mDEPEND[0m] Dependency failed for Remote File Systems.[1115]: 
         Starting LSB: automatic crash report generation...
         Starting Permit User Sessions...
         Starting LSB: Set the CPU Frequency Scaling governor to "ondemand"...
         Starting LSB: daemon to balance interrupts for SMP systems...ci-info: +-------+-------------+---------+-----------+-------+
[[0;32m  OK  [0m] Started Authenticate and Authorize Users to Run Privileged Tasks.
[[0;32m  OK  [0m] Started Accounts Service.
[[0;32m  OK  [0m] Started LSB: Record successful boot for GRUB.
[[0;32m  OK  [0m] Started Permit User Sessions.
[[0;32m  OK  [0m] Started LSB: MD monitoring daemon.

[[0;32m  OK  [0m] Started OpenBSD Secure Shell server.
         [   34.097517] cloud-initStarting Hold until boot process finishes up...
         Starting Terminate Plymouth Boot Screen...
[[0;32m  OK  [0m] Started Hold until boot process finishes up.[1115]: ci-info: |   0   |  fe80::/64  |    ::   |   enp0s3  |   U   |
[[0;32m  OK  [0m] Started Terminate Plymouth Boot Screen.
[[0;32m  OK  [0m] Started Serial Getty on ttyS0.
[[0;32m  OK  [0m] Started Getty on tty1.
[[0;32m  OK  [0m] Reached target Login Prompts.

         Starting Set console scheme...
[[0;32m  OK  [0m] [   34.452620] cloud-initStarted LSB: Set the CPU Frequency Scaling governor to "ondemand".
[1115]: [[0;32m  OK  [0m] Started Set console scheme.ci-info: |   1   |  fe80::/64  |    ::   |   enp0s8  |   U   |

[[0;32m  OK  [0m] Started LXD - container startup/shutdown.[   34.782296] 
[[0;32m  OK  [0m] cloud-init[1115]: Started LSB: daemon to balance interrupts for SMP systems.
ci-info: |   6   |   ff00::/8  |    ::   |   enp0s3  |   U   |[[0;32m  OK  [0m] Started A high performance web server and a reverse proxy server.

[[0;32m  OK  [0m] Started LSB: automatic crash report generation.[   35.003083] 
cloud-init[1115]: ci-info: |   7   |   ff00::/8  |    ::   |   enp0s8  |   U   |
[   35.132904] cloud-init[1115]: ci-info: +-------+-------------+---------+-----------+-------+
[[0;32m  OK  [0m] Created slice User Slice of vagrant.
[[0;32m  OK  [0m] Started Virtualbox guest utils.
[[0;32m  OK  [0m] Started Session 1 of user vagrant.
         Starting User Manager for UID 1000...
[[0;32m  OK  [0m] Started User Manager for UID 1000.
[[0;32m  OK  [0m] Started Snap Daemon.
         Starting Wait until snapd is fully seeded...
[[0;32m  OK  [0m] Started Wait until snapd is fully seeded.
[[0;32m  OK  [0m] Reached target Multi-User System.
[[0;32m  OK  [0m] Reached target Graphical Interface.
         Starting Update UTMP about System Runlevel Changes...
         Starting Apply the settings specified in cloud-config...
[[0;32m  OK  [0m] Started Update UTMP about System Runlevel Changes.
[   37.997476] cloud-init[1482]: Cloud-init v. 21.1-19-gbad84ad4-0ubuntu1~16.04.2 running 'modules:config' at Sat, 13 Jul 2024 15:04:09 +0000. Up 37.75 seconds.
[[0;32m  OK  [0m] Started Apply the settings specified in cloud-config.
         Starting Execute cloud user/final scripts...
[   39.166313] cloud-init[1493]: Cloud-init v. 21.1-19-gbad84ad4-0ubuntu1~16.04.2 running 'modules:final' at Sat, 13 Jul 2024 15:04:10 +0000. Up 38.83 seconds.
[   39.252021] cloud-init[1493]: Cloud-init v. 21.1-19-gbad84ad4-0ubuntu1~16.04.2 finished at Sat, 13 Jul 2024 15:04:10 +0000. Datasource DataSourceNoCloud [seed=/dev/sdb][dsmode=net].  Up 39.15 seconds

Ubuntu 16.04.7 LTS k8s-master-lb ttyS0

k8s-master-lb login: [[0;32m  OK  [0m] Stopped target Remote File Systems (Pre).
[[0;32m  OK  [0m] Stopped target Graphical Interface.
         Stopping ACPI event daemon...
         Stopping Session 1 of user vagrant.
[[0;32m  OK  [0m] Closed Load/Save RF Kill Switch Status /dev/rfkill Watch.
         Stopping Login to default iSCSI targets...
         Stopping User Manager for UID 1000...
[[0;32m  OK  [0m] Stopped target Timers.
[[0;32m  OK  [0m] Stopped Daily apt upgrade and clean activities.
[[0;32m  OK  [0m] Stopped Ubuntu Advantage update messaging.
[[0;32m  OK  [0m] Stopped Message of the Day.
[[0;32m  OK  [0m] Stopped Daily apt download activities.
         Stopping Hostname Service...
[[0;32m  OK  [0m] Stopped Daily Cleanup of Temporary Directories.
         Stopping Accounts Service...
[[0;32m  OK  [0m] Stopped target Cloud-init target.
[[0;32m  OK  [0m] Stopped Execute cloud user/final scripts.
[[0;32m  OK  [0m] Stopped Apply the settings specified in cloud-config.
[[0;32m  OK  [0m] Stopped target Cloud-config availability.
[[0;32m  OK  [0m] Stopped target Multi-User System.
         Stopping System Logging Service...
         Stopping LSB: Set the CPU Frequency Scaling governor to "ondemand"...
[[0;32m  OK  [0m] Stopped Wait until snapd is fully seeded.
         Stopping OpenBSD Secure Shell server...
         Stopping Virtualbox guest utils...
         Stopping LSB: automatic crash report generation...
         Stopping Deferred execution scheduler...
         Stopping LSB: MD monitoring daemon...
[[0;32m  OK  [0m] Stopped target Login Prompts.
         Stopping Getty on tty1...
         Stopping Serial Getty on ttyS0...
         Stopping Regular background program processing daemon...
         Stopping D-Bus System Message Bus...
         Stopping Unattended Upgrades Shutdown...
         Stopping LXD - container startup/shutdown...
         Stopping A high performance web server and a reverse proxy server...
         Stopping LSB: daemon to balance interrupts for SMP systems...
         Stopping FUSE filesystem for LXC...
         Stopping Authenticate and Authorize Users to Run Privileged Tasks...
[[0;32m  OK  [0m] Stopped target System Time Synchronized.
         Stopping LSB: Record successful boot for GRUB...
[[0;32m  OK  [0m] Unmounted /var/lib/lxcfs.
[[0;32m  OK  [0m] Stopped Accounts Service.
[[0;32m  OK  [0m] Stopped System Logging Service.
[[0;32m  OK  [0m] Stopped ACPI event daemon.
[[0;32m  OK  [0m] Stopped Deferred execution scheduler.
[[0;32m  OK  [0m] Stopped Regular background program processing daemon.
[[0;32m  OK  [0m] Stopped Unattended Upgrades Shutdown.
[[0;32m  OK  [0m] Stopped Authenticate and Authorize Users to Run Privileged Tasks.
[[0;32m  OK  [0m] Stopped OpenBSD Secure Shell server.
[[0;32m  OK  [0m] Stopped Serial Getty on ttyS0.
[[0;32m  OK  [0m] Stopped Getty on tty1.
[[0;32m  OK  [0m] Stopped User Manager for UID 1000.
[[0;32m  OK  [0m] Stopped Hostname Service.
[[0;32m  OK  [0m] Stopped Session 1 of user vagrant.
[[0;32m  OK  [0m] Stopped D-Bus System Message Bus.
[[0;32m  OK  [0m] Stopped FUSE filesystem for LXC.
[[0;32m  OK  [0m] Stopped Login to default iSCSI targets.
[[0;32m  OK  [0m] Stopped LSB: Set the CPU Frequency Scaling governor to "ondemand".
[[0;32m  OK  [0m] Stopped LSB: automatic crash report generation.
[[0;32m  OK  [0m] Stopped Virtualbox guest utils.
[[0;32m  OK  [0m] Stopped LSB: MD monitoring daemon.
[[0;32m  OK  [0m] Stopped LXD - container startup/shutdown.
[[0;32m  OK  [0m] Stopped LSB: daemon to balance interrupts for SMP systems.
[[0;32m  OK  [0m] Stopped LSB: Record successful boot for GRUB.
         Stopping iSCSI initiator daemon (iscsid)...
[[0;32m  OK  [0m] Removed slice User Slice of vagrant.
[[0;32m  OK  [0m] Removed slice system-getty.slice.
[[0;32m  OK  [0m] Removed slice system-serial\x2dgetty.slice.
[[0;32m  OK  [0m] Stopped /etc/rc.local Compatibility.
         Stopping Permit User Sessions...
         Stopping Login Service...
[[0;32m  OK  [0m] Stopped Login Service.
[[0;32m  OK  [0m] Stopped iSCSI initiator daemon (iscsid).
[[0;32m  OK  [0m] Stopped Permit User Sessions.
[[0;32m  OK  [0m] Stopped target Network is Online.
[[0;32m  OK  [0m] Stopped target User and Group Name Lookups.
[[0;32m  OK  [0m] Stopped A high performance web server and a reverse proxy server.
[[0;32m  OK  [0m] Stopped target Basic System.
[[0;32m  OK  [0m] Stopped target Sockets.
